<html>
<body>
<pre>
<h1>µVision Build Log</h1>
<h2>Tool Versions:</h2>
IDE-Version: ¦ÌVision V5.29.0.0
Copyright (C) 2019 ARM Ltd and ARM Germany GmbH. All rights reserved.
License Information: li EDZ, li, LIC=DSNXV-PK529-17RRR-K9BTS-6UJXN-QG4AF
 
Tool Versions:
Toolchain:       MDK-ARM Professional  Version: 5.29.0.0
Toolchain Path:  d:\Keil_v5\ARM\ARMCC\Bin
C Compiler:      Armcc.exe V5.06 update 6 (build 750)
Assembler:       Armasm.exe V5.06 update 6 (build 750)
Linker/Locator:  ArmLink.exe V5.06 update 6 (build 750)
Library Manager: ArmAr.exe V5.06 update 6 (build 750)
Hex Converter:   FromElf.exe V5.06 update 6 (build 750)
CPU DLL:         SARMCM3.DLL V5.29.0.0
Dialog DLL:      DARMSTM.DLL V1.68.0.0
Target DLL:      Segger\JL2CM3.dll V2.99.36.0
Dialog DLL:        TARMSTM.DLL   
 
<h2>Project:</h2>
D:\DaTa\COM\USER\USART.uvprojx
Project File Date:  04/26/2021

<h2>Output:</h2>
*** Using Compiler 'V5.06 update 6 (build 750)', folder: 'd:\Keil_v5\ARM\ARMCC\Bin'
Rebuild target 'Target 1'
compiling delay.c...
compiling stm32f10x_it.c...
compiling led.c...
compiling system_stm32f10x.c...
compiling main.c...
main.c(157): warning:  #111-D: statement is unreachable
  	return 0;
main.c(109): warning:  #177-D: variable "re"  was declared but never referenced
  	int re=0;
main.c(110): warning:  #177-D: variable "rxbuf"  was declared but never referenced
  	u8  rxbuf[20]={0};
main.c: 3 warnings, 0 errors
compiling sys.c...
assembling startup_stm32f10x_hd.s...
compiling core_cm3.c...
compiling usart3.c...
compiling SIM868.c...
..\SYSTEM\SIM868.c(22): warning:  #177-D: variable "num"  was declared but never referenced
    char num = 0;
..\SYSTEM\SIM868.c: 1 warning, 0 errors
compiling usart.c...
..\SYSTEM\usart\usart.c(130): warning:  #177-D: variable "Res"  was declared but never referenced
  	u8 Res;
..\SYSTEM\usart\usart.c: 1 warning, 0 errors
compiling stm32f10x_gpio.c...
compiling MQTTConnectClient.c...
compiling stm32f10x_rcc.c...
compiling stm32f10x_usart.c...
compiling MQTTConnectServer.c...
compiling MQTTDeserializePublish.c...
compiling misc.c...
compiling MQTT_TEST.c...
..\MQTT\MQTT_TEST.c(52): warning:  #550-D: variable "rc"  was set but never used
  	int rc=0;	
..\MQTT\MQTT_TEST.c(125): warning:  #177-D: label "exit"  was declared but never referenced
  exit:
..\MQTT\MQTT_TEST.c(143): warning:  #550-D: variable "rc"  was set but never used
  	int rc=0;	
..\MQTT\MQTT_TEST.c(192): warning:  #177-D: variable "mysock"  was declared but never referenced
  	int mysock=0;	
..\MQTT\MQTT_TEST.c(193): warning:  #177-D: variable "len"  was declared but never referenced
  	int len=0;
..\MQTT\MQTT_TEST.c(194): warning:  #550-D: variable "rc"  was set but never used
  	int rc=0;	
..\MQTT\MQTT_TEST.c(195): warning:  #177-D: variable "msgid"  was declared but never referenced
  	int msgid = 1;
..\MQTT\MQTT_TEST.c(327): warning:  #111-D: statement is unreachable
  	topicString.cstring = "substopic";
..\MQTT\MQTT_TEST.c: 8 warnings, 0 errors
compiling MQTTFormat.c...
compiling MQTTPacket.c...
compiling MQTTSerializePublish.c...
compiling MQTTSubscribeClient.c...
compiling MQTTSubscribeServer.c...
compiling MQTTUnsubscribeServer.c...
compiling MQTTUnsubscribeClient.c...
compiling transport.c...
linking...
Program Size: Code=14252 RO-data=400 RW-data=1216 ZI-data=2120  
FromELF: creating hex file...
"..\OBJ\USART.axf" - 0 Error(s), 13 Warning(s).

<h2>Software Packages used:</h2>

Package Vendor: Keil
                http://www.keil.com/pack/Keil.STM32F1xx_DFP.2.3.0.pack
                Keil.STM32F1xx_DFP.2.3.0
                STMicroelectronics STM32F1 Series Device Support, Drivers and Examples

<h2>Collection of Component include folders:</h2>
  .\RTE\_Target_1
  d:\Keil_v5\Packs\Keil\STM32F1xx_DFP\2.3.0\Device\Include

<h2>Collection of Component Files used:</h2>
Build Time Elapsed:  00:00:03
</pre>
</body>
</html>
