Component: ARM Compiler 5.06 update 6 (build 750) Tool: armlink [4d35ed]

==============================================================================

Section Cross References

    main.o(.text) refers to rt_memclr_w.o(.text) for __aeabi_memclr4
    main.o(.text) refers to sim868.o(.text) for Omnivoltaic_GPRSConnctTcp
    main.o(.text) refers to mqtt_test.o(.text) for MQTT_Send_Packet_Test
    main.o(.text) refers to delay.o(.text) for delay_ms
    main.o(.text) refers to misc.o(.text) for NVIC_PriorityGroupConfig
    main.o(.text) refers to usart.o(.text) for uart_init
    main.o(.text) refers to led.o(.text) for LED_Init
    main.o(.text) refers to usart3.o(.data) for Uart3
    system_stm32f10x.o(.text) refers to system_stm32f10x.o(.data) for SystemCoreClock
    led.o(.text) refers to stm32f10x_rcc.o(.text) for RCC_APB2PeriphClockCmd
    led.o(.text) refers to stm32f10x_gpio.o(.text) for GPIO_Init
    delay.o(.text) refers to misc.o(.text) for SysTick_CLKSourceConfig
    delay.o(.text) refers to system_stm32f10x.o(.data) for SystemCoreClock
    delay.o(.text) refers to delay.o(.data) for fac_us
    usart.o(.text) refers to stm32f10x_rcc.o(.text) for RCC_APB2PeriphClockCmd
    usart.o(.text) refers to stm32f10x_gpio.o(.text) for GPIO_Init
    usart.o(.text) refers to misc.o(.text) for NVIC_Init
    usart.o(.text) refers to stm32f10x_usart.o(.text) for USART_Init
    usart3.o(.text) refers to _printf_percent.o(.ARM.Collect$$_printf_percent$$00000000) for _printf_percent
    usart3.o(.text) refers to _printf_d.o(.ARM.Collect$$_printf_percent$$00000009) for _printf_d
    usart3.o(.text) refers to _printf_dec.o(.text) for _printf_int_dec
    usart3.o(.text) refers to strlen.o(.text) for strlen
    usart3.o(.text) refers to delay.o(.text) for delay_ms
    usart3.o(.text) refers to rt_memclr_w.o(.text) for __aeabi_memclr4
    usart3.o(.text) refers to rt_memcpy_v6.o(.text) for __aeabi_memcpy
    usart3.o(.text) refers to strstr.o(.text) for strstr
    usart3.o(.text) refers to __2sprintf.o(.text) for __2sprintf
    usart3.o(.text) refers to stm32f10x_usart.o(.text) for USART_GetITStatus
    usart3.o(.text) refers to stm32f10x_rcc.o(.text) for RCC_APB2PeriphClockCmd
    usart3.o(.text) refers to stm32f10x_gpio.o(.text) for GPIO_Init
    usart3.o(.text) refers to misc.o(.text) for NVIC_Init
    usart3.o(.text) refers to usart3.o(.data) for Uart3
    usart3.o(.text) refers to usart3.o(.bss) for tmpbuf
    usart3.o(.data) refers to usart3.o(.text) for Init2
    sim868.o(.text) refers to delay.o(.text) for delay_ms
    sim868.o(.text) refers to strlen.o(.text) for strlen
    sim868.o(.text) refers to usart3.o(.text) for FindStrFormSim800cResponds
    sim868.o(.text) refers to usart3.o(.data) for Uart3
    sim868.o(.text) refers to sim868.o(.data) for Defualt_URL
    sim868.o(.data) refers to sim868.o(.conststring) for .conststring
    startup_stm32f10x_hd.o(STACK) refers (Special) to heapauxi.o(.text) for __use_two_region_memory
    startup_stm32f10x_hd.o(HEAP) refers (Special) to heapauxi.o(.text) for __use_two_region_memory
    startup_stm32f10x_hd.o(RESET) refers (Special) to heapauxi.o(.text) for __use_two_region_memory
    startup_stm32f10x_hd.o(RESET) refers to startup_stm32f10x_hd.o(STACK) for __initial_sp
    startup_stm32f10x_hd.o(RESET) refers to startup_stm32f10x_hd.o(.text) for Reset_Handler
    startup_stm32f10x_hd.o(RESET) refers to stm32f10x_it.o(.text) for NMI_Handler
    startup_stm32f10x_hd.o(RESET) refers to usart.o(.text) for USART1_IRQHandler
    startup_stm32f10x_hd.o(RESET) refers to usart3.o(.text) for USART3_IRQHandler
    startup_stm32f10x_hd.o(.text) refers (Special) to heapauxi.o(.text) for __use_two_region_memory
    startup_stm32f10x_hd.o(.text) refers to system_stm32f10x.o(.text) for SystemInit
    startup_stm32f10x_hd.o(.text) refers to __main.o(!!!main) for __main
    startup_stm32f10x_hd.o(.text) refers to startup_stm32f10x_hd.o(HEAP) for Heap_Mem
    startup_stm32f10x_hd.o(.text) refers to startup_stm32f10x_hd.o(STACK) for Stack_Mem
    stm32f10x_gpio.o(.text) refers to stm32f10x_rcc.o(.text) for RCC_APB2PeriphResetCmd
    stm32f10x_rcc.o(.text) refers to stm32f10x_rcc.o(.data) for APBAHBPrescTable
    stm32f10x_usart.o(.text) refers to stm32f10x_rcc.o(.text) for RCC_APB2PeriphResetCmd
    mqtt_test.o(.text) refers to _printf_percent.o(.ARM.Collect$$_printf_percent$$00000000) for _printf_percent
    mqtt_test.o(.text) refers to _printf_d.o(.ARM.Collect$$_printf_percent$$00000009) for _printf_d
    mqtt_test.o(.text) refers to _printf_dec.o(.text) for _printf_int_dec
    mqtt_test.o(.text) refers to _printf_s.o(.ARM.Collect$$_printf_percent$$00000014) for _printf_s
    mqtt_test.o(.text) refers to _printf_str.o(.text) for _printf_str
    mqtt_test.o(.text) refers to _printf_pad.o(.text) for _printf_pre_padding
    mqtt_test.o(.text) refers to _printf_x.o(.ARM.Collect$$_printf_percent$$0000000C) for _printf_x
[...]
    ../clib/stdio.c                          0x00000000   Number         0  fseek.o ABSOLUTE
    ../clib/stdio.c                          0x00000000   Number         0  stdio.o ABSOLUTE
    ../clib/stdio.c                          0x00000000   Number         0  fwritefast.o ABSOLUTE
    ../clib/stdio.c                          0x00000000   Number         0  fopen.o ABSOLUTE
    ../clib/stdio.c                          0x00000000   Number         0  fputs.o ABSOLUTE
    ../clib/stdio.c                          0x00000000   Number         0  ferror.o ABSOLUTE
    ../clib/stdio.c                          0x00000000   Number         0  stdio_streams.o ABSOLUTE
    ../clib/stdio.c                          0x00000000   Number         0  ferror_locked.o ABSOLUTE
    ../clib/stdio.c                          0x00000000   Number         0  fwritefast_locked.o ABSOLUTE
    ../clib/stdio.c                          0x00000000   Number         0  fputc.o ABSOLUTE
    ../clib/stdio.c                          0x00000000   Number         0  fputc_locked.o ABSOLUTE
    ../clib/stdlib.c                         0x00000000   Number         0  exit.o ABSOLUTE
    ../clib/string.c                         0x00000000   Number         0  memcmp.o ABSOLUTE
    ../clib/string.c                         0x00000000   Number         0  strlen.o ABSOLUTE
    ../clib/string.c                         0x00000000   Number         0  strncmp.o ABSOLUTE
    ../clib/string.c                         0x00000000   Number         0  strstr.o ABSOLUTE
    ../clib/wchar.c                          0x00000000   Number         0  flsbuf_fwide.o ABSOLUTE
    ../fplib/fpinit.s                        0x00000000   Number         0  fpinit.o ABSOLUTE
    ..\CORE\core_cm3.c                       0x00000000   Number         0  core_cm3.o ABSOLUTE
    ..\CORE\startup_stm32f10x_hd.s           0x00000000   Number         0  startup_stm32f10x_hd.o ABSOLUTE
    ..\HARDWARE\LED\led.c                    0x00000000   Number         0  led.o ABSOLUTE
    ..\MQTT\MQTTConnectClient.c              0x00000000   Number         0  mqttconnectclient.o ABSOLUTE
    ..\MQTT\MQTTConnectServer.c              0x00000000   Number         0  mqttconnectserver.o ABSOLUTE
    ..\MQTT\MQTTDeserializePublish.c         0x00000000   Number         0  mqttdeserializepublish.o ABSOLUTE
    ..\MQTT\MQTTFormat.c                     0x00000000   Number         0  mqttformat.o ABSOLUTE
    ..\MQTT\MQTTPacket.c                     0x00000000   Number         0  mqttpacket.o ABSOLUTE
    ..\MQTT\MQTTSerializePublish.c           0x00000000   Number         0  mqttserializepublish.o ABSOLUTE
    ..\MQTT\MQTTSubscribeClient.c            0x00000000   Number         0  mqttsubscribeclient.o ABSOLUTE
    ..\MQTT\MQTTSubscribeServer.c            0x00000000   Number         0  mqttsubscribeserver.o ABSOLUTE
    ..\MQTT\MQTTUnsubscribeClient.c          0x00000000   Number         0  mqttunsubscribeclient.o ABSOLUTE
    ..\MQTT\MQTTUnsubscribeServer.c          0x00000000   Number         0  mqttunsubscribeserver.o ABSOLUTE
    ..\MQTT\MQTT_TEST.c                      0x00000000   Number         0  mqtt_test.o ABSOLUTE
    ..\MQTT\transport.c                      0x00000000   Number         0  transport.o ABSOLUTE
    ..\STM32F10x_FWLib\src\misc.c            0x00000000   Number         0  misc.o ABSOLUTE
    ..\STM32F10x_FWLib\src\stm32f10x_gpio.c  0x00000000   Number         0  stm32f10x_gpio.o ABSOLUTE
    ..\STM32F10x_FWLib\src\stm32f10x_rcc.c   0x00000000   Number         0  stm32f10x_rcc.o ABSOLUTE
    ..\STM32F10x_FWLib\src\stm32f10x_usart.c 0x00000000   Number         0  stm32f10x_usart.o ABSOLUTE
    ..\SYSTEM\SIM868.c                       0x00000000   Number         0  sim868.o ABSOLUTE
    ..\SYSTEM\delay\delay.c                  0x00000000   Number         0  delay.o ABSOLUTE
    ..\SYSTEM\sys\sys.c                      0x00000000   Number         0  sys.o ABSOLUTE
    ..\SYSTEM\usart\usart.c                  0x00000000   Number         0  usart.o ABSOLUTE
    ..\SYSTEM\usart\usart3.c                 0x00000000   Number         0  usart3.o ABSOLUTE
    ..\\CORE\\core_cm3.c                     0x00000000   Number         0  core_cm3.o ABSOLUTE
    ..\\SYSTEM\\sys\\sys.c                   0x00000000   Number         0  sys.o ABSOLUTE
    dc.s                                     0x00000000   Number         0  dc.o ABSOLUTE
    main.c                                   0x00000000   Number         0  main.o ABSOLUTE
    stm32f10x_it.c                           0x00000000   Number         0  stm32f10x_it.o ABSOLUTE
    system_stm32f10x.c                       0x00000000   Number         0  system_stm32f10x.o ABSOLUTE
    RESET                                    0x08000000   Section      304  startup_stm32f10x_hd.o(RESET)
    !!!main                                  0x08000130   Section        8  __main.o(!!!main)
    !!!scatter                               0x08000138   Section       52  __scatter.o(!!!scatter)
    !!dczerorl2                              0x0800016c   Section       90  __dczerorl2.o(!!dczerorl2)
    !!handler_zi                             0x080001c8   Section       28  __scatter_zi.o(!!handler_zi)
    .ARM.Collect$$_printf_percent$$00000000  0x080001e4   Section        0  _printf_percent.o(.ARM.Collect$$_printf_percent$$00000000)
    .ARM.Collect$$_printf_percent$$00000009  0x080001e4   Section        6  _printf_d.o(.ARM.Collect$$_printf_percent$$00000009)
    .ARM.Collect$$_printf_percent$$0000000C  0x080001ea   Section        6  _printf_x.o(.ARM.Collect$$_printf_percent$$0000000C)
    .ARM.Collect$$_printf_percent$$00000014  0x080001f0   Section        6  _printf_s.o(.ARM.Collect$$_printf_percent$$00000014)
    .ARM.Collect$$_printf_percent$$00000017  0x080001f6   Section        4  _printf_percent_end.o(.ARM.Collect$$_printf_percent$$00000017)
    .ARM.Collect$$libinit$$00000000          0x080001fa   Section        2  libinit.o(.ARM.Collect$$libinit$$00000000)
    .ARM.Collect$$libinit$$00000002          0x080001fc   Section        0  libinit2.o(.ARM.Collect$$libinit$$00000002)
    .ARM.Collect$$libinit$$00000004          0x080001fc   Section        0  libinit2.o(.ARM.Collect$$libinit$$00000004)
    .ARM.Collect$$libinit$$00000005          0x080001fc   Section        8  libinit2.o(.ARM.Collect$$libinit$$00000005)
    .ARM.Collect$$libinit$$0000000A          0x08000204   Section        0  libinit2.o(.ARM.Collect$$libinit$$0000000A)
    .ARM.Collect$$libinit$$0000000C          0x08000204   Section        0  libinit2.o(.ARM.Collect$$libinit$$0000000C)
    .ARM.Collect$$libinit$$0000000E          0x08000204   Section        0  libinit2.o(.ARM.Collect$$libinit$$0000000E)
    .ARM.Collect$$libinit$$00000011          0x08000204   Section        0  libinit2.o(.ARM.Collect$$libinit$$00000011)
    .ARM.Collect$$libinit$$00000013          0x08000204   Section        0  libinit2.o(.ARM.Collect$$libinit$$00000013)
    .ARM.Collect$$libinit$$00000015          0x08000204   Section        0  libinit2.o(.ARM.Collect$$libinit$$00000015)
    .ARM.Collect$$libinit$$00000017          0x08000204   Section        0  libinit2.o(.ARM.Collect$$libinit$$00000017)
    .ARM.Collect$$libinit$$00000019          0x08000204   Section        0  libinit2.o(.ARM.Collect$$libinit$$00000019)
    .ARM.Collect$$libinit$$0000001B          0x08000204   Section        0  libinit2.o(.ARM.Collect$$libinit$$0000001B)
    .ARM.Collect$$libinit$$0000001D          0x08000204   Section        0  libinit2.o(.ARM.Collect$$libinit$$0000001D)
    .ARM.Collect$$libinit$$0000001F          0x08000204   Section        0  libinit2.o(.ARM.Collect$$libinit$$0000001F)
    .ARM.Collect$$libinit$$00000021          0x08000204   Section        0  libinit2.o(.ARM.Collect$$libinit$$00000021)
    .ARM.Collect$$libinit$$00000023          0x08000204   Section        0  libinit2.o(.ARM.Collect$$libinit$$00000023)
    .ARM.Collect$$libinit$$00000024          0x08000204   Section        4  libinit2.o(.ARM.Collect$$libinit$$00000024)
    .ARM.Collect$$libinit$$00000025          0x08000208   Section        0  libinit2.o(.ARM.Collect$$libinit$$00000025)
    .ARM.Collect$$libinit$$0000002C          0x08000208   Section        0  libinit2.o(.ARM.Collect$$libinit$$0000002C)
    .ARM.Collect$$libinit$$0000002E          0x08000208   Section        0  libinit2.o(.ARM.Collect$$libinit$$0000002E)
    .ARM.Collect$$libinit$$00000030          0x08000208   Section        0  libinit2.o(.ARM.Collect$$libinit$$00000030)
    .ARM.Collect$$libinit$$00000032          0x08000208   Section        0  libinit2.o(.ARM.Collect$$libinit$$00000032)
    .ARM.Collect$$libinit$$00000033          0x08000208   Section        2  libinit2.o(.ARM.Collect$$libinit$$00000033)
    .ARM.Collect$$libshutdown$$00000000      0x0800020a   Section        2  libshutdown.o(.ARM.Collect$$libshutdown$$00000000)
    .ARM.Collect$$libshutdown$$00000002      0x0800020c   Section        0  libshutdown2.o(.ARM.Collect$$libshutdown$$00000002)
    .ARM.Collect$$libshutdown$$00000003      0x0800020c   Section        4  libshutdown2.o(.ARM.Collect$$libshutdown$$00000003)
    .ARM.Collect$$libshutdown$$00000004      0x08000210   Section        0  libshutdown2.o(.ARM.Collect$$libshutdown$$00000004)
    .ARM.Collect$$libshutdown$$00000007      0x08000210   Section        0  libshutdown2.o(.ARM.Collect$$libshutdown$$00000007)
    .ARM.Collect$$libshutdown$$0000000A      0x08000210   Section        0  libshutdown2.o(.ARM.Collect$$libshutdown$$0000000A)
    .ARM.Collect$$libshutdown$$0000000C      0x08000210   Section        0  libshutdown2.o(.ARM.Collect$$libshutdown$$0000000C)
    .ARM.Collect$$libshutdown$$0000000F      0x08000210   Section        0  libshutdown2.o(.ARM.Collect$$libshutdown$$0000000F)
    .ARM.Collect$$libshutdown$$00000010      0x08000210   Section        2  libshutdown2.o(.ARM.Collect$$libshutdown$$00000010)
    .ARM.Collect$$rtentry$$00000000          0x08000212   Section        0  __rtentry.o(.ARM.Collect$$rtentry$$00000000)
    .ARM.Collect$$rtentry$$00000002          0x08000212   Section        0  __rtentry2.o(.ARM.Collect$$rtentry$$00000002)
    .ARM.Collect$$rtentry$$00000004          0x08000212   Section        6  __rtentry4.o(.ARM.Collect$$rtentry$$00000004)
    .ARM.Collect$$rtentry$$00000009          0x08000218   Section        0  __rtentry2.o(.ARM.Collect$$rtentry$$00000009)
    .ARM.Collect$$rtentry$$0000000A          0x08000218   Section        4  __rtentry2.o(.ARM.Collect$$rtentry$$0000000A)
    .ARM.Collect$$rtentry$$0000000C          0x0800021c   Section        0  __rtentry2.o(.ARM.Collect$$rtentry$$0000000C)
    .ARM.Collect$$rtentry$$0000000D          0x0800021c   Section        8  __rtentry2.o(.ARM.Collect$$rtentry$$0000000D)
    .ARM.Collect$$rtexit$$00000000           0x08000224   Section        2  rtexit.o(.ARM.Collect$$rtexit$$00000000)
    .ARM.Collect$$rtexit$$00000002           0x08000226   Section        0  rtexit2.o(.ARM.Collect$$rtexit$$00000002)
    .ARM.Collect$$rtexit$$00000003           0x08000226   Section        4  rtexit2.o(.ARM.Collect$$rtexit$$00000003)
    .ARM.Collect$$rtexit$$00000004           0x0800022a   Section        6  rtexit2.o(.ARM.Collect$$rtexit$$00000004)
    .emb_text                                0x08000230   Section        0  maybetermalloc1.o(.emb_text)
    .text                                    0x08000230   Section        0  main.o(.text)
    .text                                    0x080002b4   Section        0  stm32f10x_it.o(.text)
    .text                                    0x080002d0   Section        0  system_stm32f10x.o(.text)
    SetSysClockTo72                          0x080002d1   Thumb Code   214  system_stm32f10x.o(.text)
    SetSysClock                              0x080003a7   Thumb Code     8  system_stm32f10x.o(.text)
    .text                                    0x080004b0   Section        0  led.o(.text)
    .text                                    0x08000500   Section        0  delay.o(.text)
    .text                                    0x080005d8   Section        0  usart.o(.text)
    .text                                    0x080006b0   Section        0  usart3.o(.text)
    .text                                    0x08000a78   Section        0  sim868.o(.text)
    .text                                    0x08000c44   Section       64  startup_stm32f10x_hd.o(.text)
    .text                                    0x08000c84   Section        0  stm32f10x_gpio.o(.text)
    .text                                    0x08000fe0   Section        0  stm32f10x_rcc.o(.text)
    .text                                    0x08001384   Section        0  stm32f10x_usart.o(.text)
    .text                                    0x0800178c   Section        0  misc.o(.text)
    .text                                    0x08001868   Section        0  mqtt_test.o(.text)
    .text                                    0x08001da8   Section        0  mqttconnectclient.o(.text)
    .text                                    0x08002080   Section        0  mqttdeserializepublish.o(.text)
    .text                                    0x08002194   Section        0  mqttpacket.o(.text)
    MQTTPacket_decodenb                      0x08002467   Thumb Code   104  mqttpacket.o(.text)
    .text                                    0x080025a0   Section        0  mqttserializepublish.o(.text)
    .text                                    0x0800274a   Section        0  mqttsubscribeclient.o(.text)
    .text                                    0x080028c0   Section        0  transport.o(.text)
    .text                                    0x08002914   Section        0  __2printf.o(.text)
    .text                                    0x0800292c   Section        0  __2sprintf.o(.text)
    .text                                    0x08002958   Section        0  _printf_pad.o(.text)
    .text                                    0x080029a6   Section        0  _printf_str.o(.text)
    .text                                    0x080029f8   Section        0  _printf_dec.o(.text)
    .text                                    0x08002a70   Section        0  _printf_hex_int.o(.text)
    .text                                    0x08002ac8   Section        0  __printf_flags_wp.o(.text)
    .text                                    0x08002c00   Section        0  strstr.o(.text)
    .text                                    0x08002c24   Section        0  strlen.o(.text)
    .text                                    0x08002c62   Section        0  strncmp.o(.text)
    .text                                    0x08002cf8   Section      138  rt_memcpy_v6.o(.text)
    .text                                    0x08002d82   Section       78  rt_memclr_w.o(.text)
    .text                                    0x08002dd0   Section        0  heapauxi.o(.text)
    .text                                    0x08002dd6   Section        0  _printf_intcommon.o(.text)
    .text                                    0x08002e88   Section        0  _printf_char_common.o(.text)
    _printf_input_char                       0x08002e89   Thumb Code    10  _printf_char_common.o(.text)
    .text                                    0x08002eb8   Section        0  _sputc.o(.text)
    .text                                    0x08002ec2   Section        0  _printf_char.o(.text)
    .text                                    0x08002ef0   Section        0  _printf_char_file.o(.text)
    .text                                    0x08002f14   Section      100  rt_memcpy_w.o(.text)
    .text                                    0x08002f78   Section        0  ferror.o(.text)
    .text                                    0x08002f80   Section        0  initio.o(.text)
    .text                                    0x080030b8   Section        0  sys_io.o(.text)
    .text                                    0x0800311e   Section       74  sys_stackheap_outer.o(.text)
    .text                                    0x08003168   Section        0  h1_free.o(.text)
    .text                                    0x080031b6   Section        0  flsbuf.o(.text)
    .text                                    0x0800338c   Section        0  setvbuf.o(.text)
    .text                                    0x080033d4   Section        0  fopen.o(.text)
    _freopen_locked                          0x080033d5   Thumb Code     0  fopen.o(.text)
    .text                                    0x080034c0   Section        0  fclose.o(.text)
    .text                                    0x0800350c   Section        0  exit.o(.text)
    .text                                    0x0800351e   Section        0  defsig_rtred_outer.o(.text)
    .text                                    0x0800352c   Section        8  libspace.o(.text)
    .text                                    0x08003534   Section        2  use_no_semi.o(.text)
    .text                                    0x08003536   Section        0  indicate_semi.o(.text)
    .text                                    0x08003538   Section        8  rt_heap_descriptor_intlibspace.o(.text)
    .text                                    0x08003540   Section        0  hguard.o(.text)
    .text                                    0x08003544   Section        0  init_alloc.o(.text)
    .text                                    0x080035ce   Section        0  h1_alloc.o(.text)
    .text                                    0x0800362c   Section        0  fseek.o(.text)
    .text                                    0x08003724   Section        0  stdio.o(.text)
    .text                                    0x08003814   Section        0  defsig_exit.o(.text)
    .text                                    0x08003820   Section        0  defsig_rtred_inner.o(.text)
    .text                                    0x08003854   Section        0  sys_exit.o(.text)
    .text                                    0x08003860   Section        0  h1_init.o(.text)
    .text                                    0x0800386e   Section        0  h1_extend.o(.text)
    .text                                    0x080038a2   Section        0  ftell.o(.text)
    .text                                    0x080038e4   Section        0  defsig_general.o(.text)
    .text                                    0x08003916   Section        0  defsig_rtmem_outer.o(.text)
    .text                                    0x08003924   Section        0  sys_wrch.o(.text)
    .text                                    0x08003934   Section        8  rt_errno_addr_intlibspace.o(.text)
    .text                                    0x0800393c   Section        0  defsig_rtmem_inner.o(.text)
    i._is_digit                              0x0800398c   Section        0  __printf_wp.o(i._is_digit)
    i.fputc                                  0x0800399a   Section        0  fputc.o(i.fputc)
    .constdata                               0x080039b4   Section       40  _printf_hex_int.o(.constdata)
    uc_hextab                                0x080039b4   Data          20  _printf_hex_int.o(.constdata)
    lc_hextab                                0x080039c8   Data          20  _printf_hex_int.o(.constdata)
    .constdata                               0x080039dc   Section       17  __printf_flags_wp.o(.constdata)
    maptable                                 0x080039dc   Data          17  __printf_flags_wp.o(.constdata)
    .constdata                               0x080039ed   Section        4  sys_io.o(.constdata)
    .constdata                               0x080039f1   Section        4  sys_io.o(.constdata)
    .constdata                               0x080039f5   Section        4  sys_io.o(.constdata)
    .conststring                             0x080039fc   Section       52  sim868.o(.conststring)
    .data                                    0x20000000   Section       20  system_stm32f10x.o(.data)
    .data                                    0x20000014   Section        4  delay.o(.data)
    fac_us                                   0x20000014   Data           1  delay.o(.data)
    fac_ms                                   0x20000016   Data           2  delay.o(.data)
    .data                                    0x20000018   Section     1056  usart3.o(.data)
    .data                                    0x20000438   Section        4  sim868.o(.data)
    .data                                    0x2000043c   Section       20  stm32f10x_rcc.o(.data)
    APBAHBPrescTable                         0x2000043c   Data          16  stm32f10x_rcc.o(.data)
    ADCPrescTable                            0x2000044c   Data           4  stm32f10x_rcc.o(.data)
    .data                                    0x20000450   Section       96  mqtt_test.o(.data)
    .data                                    0x200004b0   Section        4  mqttpacket.o(.data)
    bufptr                                   0x200004b0   Data           4  mqttpacket.o(.data)
    .data                                    0x200004b4   Section        4  stdio_streams.o(.data)
    .data                                    0x200004b8   Section        4  stdio_streams.o(.data)
    .data                                    0x200004bc   Section        4  stdio_streams.o(.data)
    .bss                                     0x200004c0   Section       20  usart3.o(.bss)
    .bss                                     0x200004d4   Section      212  mqtt_test.o(.bss)
    .bss                                     0x200005a8   Section       84  stdio_streams.o(.bss)
    .bss                                     0x200005fc   Section       84  stdio_streams.o(.bss)
    .bss                                     0x20000650   Section       84  stdio_streams.o(.bss)
    .bss                                     0x200006a4   Section       96  libspace.o(.bss)
    HEAP                                     0x20000708   Section      512  startup_stm32f10x_hd.o(HEAP)
    Heap_Mem                                 0x20000708   Data         512  startup_stm32f10x_hd.o(HEAP)
    STACK                                    0x20000908   Section     1024  startup_stm32f10x_hd.o(STACK)
    Stack_Mem                                0x20000908   Data        1024  startup_stm32f10x_hd.o(STACK)
    __initial_sp                             0x20000d08   Data           0  startup_stm32f10x_hd.o(STACK)

    Global Symbols

    Symbol Name                              Value     Ov Type        Size  Object(Section)

    BuildAttributes$$THM_ISAv4$P$D$K$B$S$PE$A:L22UL41UL21$X:L11$S22US41US21$IEEE1$IW$USESV6$~STKCKD$USESV7$~SHL$OTIME$ROPI$EBA8$UX$STANDARDLIB$REQ8$PRES8$EABIv2 0x00000000   Number         0  anon$$obj.o ABSOLUTE
    __ARM_use_no_argv                        0x00000000   Number         0  main.o ABSOLUTE
    _printf_flags                            0x00000000   Number         0  printf_stubs.o ABSOLUTE
    _printf_return_value                     0x00000000   Number         0  printf_stubs.o ABSOLUTE
    _printf_sizespec                         0x00000000   Number         0  printf_stubs.o ABSOLUTE
    _printf_widthprec                        0x00000000   Number         0  printf_stubs.o ABSOLUTE
    __ARM_exceptions_init                     - Undefined Weak Reference
    __alloca_initialize                       - Undefined Weak Reference
    __arm_preinit_                            - Undefined Weak Reference
    __cpp_initialize__aeabi_                  - Undefined Weak Reference
    __cxa_finalize                            - Undefined Weak Reference
    __rt_locale                               - Undefined Weak Reference
    __sigvec_lookup                           - Undefined Weak Reference
    __user_heap_extent                        - Undefined Weak Reference
    _atexit_init                              - Undefined Weak Reference
    _call_atexit_fns                          - Undefined Weak Reference
    _clock_init                               - Undefined Weak Reference
    _fp_trap_init                             - Undefined Weak Reference
    _fp_trap_shutdown                         - Undefined Weak Reference
    _get_lc_collate                           - Undefined Weak Reference
    _get_lc_ctype                             - Undefined Weak Reference
    _get_lc_monetary                          - Undefined Weak Reference
    _get_lc_numeric                           - Undefined Weak Reference
    _get_lc_time                              - Undefined Weak Reference
    _getenv_init                              - Undefined Weak Reference
    _handle_redirection                       - Undefined Weak Reference
    _mutex_acquire                            - Undefined Weak Reference
    _mutex_free                               - Undefined Weak Reference
    _mutex_release                            - Undefined Weak Reference
    _printf_mbtowc                            - Undefined Weak Reference
    _printf_truncate_signed                   - Undefined Weak Reference
    _printf_truncate_unsigned                 - Undefined Weak Reference
    _rand_init                                - Undefined Weak Reference
    _signal_finish                            - Undefined Weak Reference
    _signal_init                              - Undefined Weak Reference
    __Vectors_Size                           0x00000130   Number         0  startup_stm32f10x_hd.o ABSOLUTE
    __Vectors                                0x08000000   Data           4  startup_stm32f10x_hd.o(RESET)
    __Vectors_End                            0x08000130   Data           0  startup_stm32f10x_hd.o(RESET)
    __main                                   0x08000131   Thumb Code     8  __main.o(!!!main)
    __scatterload                            0x08000139   Thumb Code     0  __scatter.o(!!!scatter)
    __scatterload_rt2                        0x08000139   Thumb Code    44  __scatter.o(!!!scatter)
    __scatterload_rt2_thumb_only             0x08000139   Thumb Code     0  __scatter.o(!!!scatter)
    __scatterload_null                       0x08000147   Thumb Code     0  __scatter.o(!!!scatter)
    __decompress                             0x0800016d   Thumb Code    90  __dczerorl2.o(!!dczerorl2)
    __decompress1                            0x0800016d   Thumb Code     0  __dczerorl2.o(!!dczerorl2)
    __scatterload_zeroinit                   0x080001c9   Thumb Code    28  __scatter_zi.o(!!handler_zi)
    _printf_d                                0x080001e5   Thumb Code     0  _printf_d.o(.ARM.Collect$$_printf_percent$$00000009)
    _printf_percent                          0x080001e5   Thumb Code     0  _printf_percent.o(.ARM.Collect$$_printf_percent$$00000000)
    _printf_x                                0x080001eb   Thumb Code     0  _printf_x.o(.ARM.Collect$$_printf_percent$$0000000C)
    _printf_s                                0x080001f1   Thumb Code     0  _printf_s.o(.ARM.Collect$$_printf_percent$$00000014)
    _printf_percent_end                      0x080001f7   Thumb Code     0  _printf_percent_end.o(.ARM.Collect$$_printf_percent$$00000017)
    __rt_lib_init                            0x080001fb   Thumb Code     0  libinit.o(.ARM.Collect$$libinit$$00000000)
    __rt_lib_init_fp_1                       0x080001fd   Thumb Code     0  libinit2.o(.ARM.Collect$$libinit$$00000002)
    __rt_lib_init_heap_2                     0x080001fd   Thumb Code     0  libinit2.o(.ARM.Collect$$libinit$$00000005)
    __rt_lib_init_preinit_1                  0x080001fd   Thumb Code     0  libinit2.o(.ARM.Collect$$libinit$$00000004)
    __rt_lib_init_atexit_1                   0x08000205   Thumb Code     0  libinit2.o(.ARM.Collect$$libinit$$0000001B)
    __rt_lib_init_clock_1                    0x08000205   Thumb Code     0  libinit2.o(.ARM.Collect$$libinit$$00000021)
    __rt_lib_init_fp_trap_1                  0x08000205   Thumb Code     0  libinit2.o(.ARM.Collect$$libinit$$0000001F)
    __rt_lib_init_getenv_1                   0x08000205   Thumb Code     0  libinit2.o(.ARM.Collect$$libinit$$00000023)
    __rt_lib_init_heap_1                     0x08000205   Thumb Code     0  libinit2.o(.ARM.Collect$$libinit$$0000000A)
    __rt_lib_init_lc_collate_1               0x08000205   Thumb Code     0  libinit2.o(.ARM.Collect$$libinit$$00000011)
    __rt_lib_init_lc_ctype_1                 0x08000205   Thumb Code     0  libinit2.o(.ARM.Collect$$libinit$$00000013)
    __rt_lib_init_lc_monetary_1              0x08000205   Thumb Code     0  libinit2.o(.ARM.Collect$$libinit$$00000015)
    __rt_lib_init_lc_numeric_1               0x08000205   Thumb Code     0  libinit2.o(.ARM.Collect$$libinit$$00000017)
    __rt_lib_init_lc_time_1                  0x08000205   Thumb Code     0  libinit2.o(.ARM.Collect$$libinit$$00000019)
    __rt_lib_init_rand_1                     0x08000205   Thumb Code     0  libinit2.o(.ARM.Collect$$libinit$$0000000E)
    __rt_lib_init_signal_1                   0x08000205   Thumb Code     0  libinit2.o(.ARM.Collect$$libinit$$0000001D)
    __rt_lib_init_stdio_2                    0x08000205   Thumb Code     0  libinit2.o(.ARM.Collect$$libinit$$00000024)
    __rt_lib_init_user_alloc_1               0x08000205   Thumb Code     0  libinit2.o(.ARM.Collect$$libinit$$0000000C)
    __rt_lib_init_alloca_1                   0x08000209   Thumb Code     0  libinit2.o(.ARM.Collect$$libinit$$0000002E)
    __rt_lib_init_argv_1                     0x08000209   Thumb Code     0  libinit2.o(.ARM.Collect$$libinit$$0000002C)
    __rt_lib_init_cpp_1                      0x08000209   Thumb Code     0  libinit2.o(.ARM.Collect$$libinit$$00000032)
    __rt_lib_init_exceptions_1               0x08000209   Thumb Code     0  libinit2.o(.ARM.Collect$$libinit$$00000030)
    __rt_lib_init_return                     0x08000209   Thumb Code     0  libinit2.o(.ARM.Collect$$libinit$$00000033)
    __rt_lib_init_stdio_1                    0x08000209   Thumb Code     0  libinit2.o(.ARM.Collect$$libinit$$00000025)
    __rt_lib_shutdown                        0x0800020b   Thumb Code     0  libshutdown.o(.ARM.Collect$$libshutdown$$00000000)
    __rt_lib_shutdown_cpp_1                  0x0800020d   Thumb Code     0  libshutdown2.o(.ARM.Collect$$libshutdown$$00000002)
    __rt_lib_shutdown_stdio_2                0x0800020d   Thumb Code     0  libshutdown2.o(.ARM.Collect$$libshutdown$$00000003)
    __rt_lib_shutdown_fp_trap_1              0x08000211   Thumb Code     0  libshutdown2.o(.ARM.Collect$$libshutdown$$00000007)
    __rt_lib_shutdown_heap_1                 0x08000211   Thumb Code     0  libshutdown2.o(.ARM.Collect$$libshutdown$$0000000F)
    __rt_lib_shutdown_return                 0x08000211   Thumb Code     0  libshutdown2.o(.ARM.Collect$$libshutdown$$00000010)
    __rt_lib_shutdown_signal_1               0x08000211   Thumb Code     0  libshutdown2.o(.ARM.Collect$$libshutdown$$0000000A)
    __rt_lib_shutdown_stdio_1                0x08000211   Thumb Code     0  libshutdown2.o(.ARM.Collect$$libshutdown$$00000004)
    __rt_lib_shutdown_user_alloc_1           0x08000211   Thumb Code     0  libshutdown2.o(.ARM.Collect$$libshutdown$$0000000C)
    __rt_entry                               0x08000213   Thumb Code     0  __rtentry.o(.ARM.Collect$$rtentry$$00000000)
    __rt_entry_presh_1                       0x08000213   Thumb Code     0  __rtentry2.o(.ARM.Collect$$rtentry$$00000002)
    __rt_entry_sh                            0x08000213   Thumb Code     0  __rtentry4.o(.ARM.Collect$$rtentry$$00000004)
    __rt_entry_li                            0x08000219   Thumb Code     0  __rtentry2.o(.ARM.Collect$$rtentry$$0000000A)
    __rt_entry_postsh_1                      0x08000219   Thumb Code     0  __rtentry2.o(.ARM.Collect$$rtentry$$00000009)
    __rt_entry_main                          0x0800021d   Thumb Code     0  __rtentry2.o(.ARM.Collect$$rtentry$$0000000D)
    __rt_entry_postli_1                      0x0800021d   Thumb Code     0  __rtentry2.o(.ARM.Collect$$rtentry$$0000000C)
    __rt_exit                                0x08000225   Thumb Code     0  rtexit.o(.ARM.Collect$$rtexit$$00000000)
    __rt_exit_ls                             0x08000227   Thumb Code     0  rtexit2.o(.ARM.Collect$$rtexit$$00000003)
    __rt_exit_prels_1                        0x08000227   Thumb Code     0  rtexit2.o(.ARM.Collect$$rtexit$$00000002)
    __rt_exit_exit                           0x0800022b   Thumb Code     0  rtexit2.o(.ARM.Collect$$rtexit$$00000004)
    MQTT_TASK2                               0x08000231   Thumb Code    54  main.o(.text)
    _maybe_terminate_alloc                   0x08000231   Thumb Code     0  maybetermalloc1.o(.emb_text)
    main                                     0x08000267   Thumb Code    40  main.o(.text)
    MQTT_TASK                                0x0800028f   Thumb Code     4  main.o(.text)
    NMI_Handler                              0x080002b5   Thumb Code     2  stm32f10x_it.o(.text)
    HardFault_Handler                        0x080002b7   Thumb Code     4  stm32f10x_it.o(.text)
    MemManage_Handler                        0x080002bb   Thumb Code     4  stm32f10x_it.o(.text)
    BusFault_Handler                         0x080002bf   Thumb Code     4  stm32f10x_it.o(.text)
    UsageFault_Handler                       0x080002c3   Thumb Code     4  stm32f10x_it.o(.text)
    SVC_Handler                              0x080002c7   Thumb Code     2  stm32f10x_it.o(.text)
    DebugMon_Handler                         0x080002c9   Thumb Code     2  stm32f10x_it.o(.text)
    PendSV_Handler                           0x080002cb   Thumb Code     2  stm32f10x_it.o(.text)
    SysTick_Handler                          0x080002cd   Thumb Code     2  stm32f10x_it.o(.text)
    SystemInit                               0x080003af   Thumb Code    78  system_stm32f10x.o(.text)
    SystemCoreClockUpdate                    0x080003fd   Thumb Code   142  system_stm32f10x.o(.text)
    LED_Init                                 0x080004b1   Thumb Code    72  led.o(.text)
    delay_init                               0x08000501   Thumb Code    50  delay.o(.text)
    delay_us                                 0x08000533   Thumb Code    72  delay.o(.text)
    delay_ms                                 0x0800057b   Thumb Code    76  delay.o(.text)
    Uart1_SendData                           0x080005d9   Thumb Code    40  usart.o(.text)
    uart_init                                0x08000601   Thumb Code   152  usart.o(.text)
    USART1_IRQHandler                        0x08000699   Thumb Code    14  usart.o(.text)
    ClearRxBuff                              0x080006b1   Thumb Code    16  usart3.o(.text)
    GetHeadByte                              0x080006c1   Thumb Code    70  usart3.o(.text)
    AddTailByte                              0x08000707   Thumb Code     2  usart3.o(.text)
    USART_DEBUG_SendStr1                     0x08000709   Thumb Code    50  usart3.o(.text)
    Uart1_SendData2                          0x0800073b   Thumb Code    40  usart3.o(.text)
    SendData                                 0x08000763   Thumb Code    48  usart3.o(.text)
    Receive                                  0x08000793   Thumb Code    78  usart3.o(.text)
    FindStrFormSim800cResponds               0x080007e1   Thumb Code   152  usart3.o(.text)
    SendDataToSim800c                        0x08000879   Thumb Code   208  usart3.o(.text)
    USART3_IRQHandler                        0x08000949   Thumb Code    88  usart3.o(.text)
    Init2                                    0x080009a1   Thumb Code   160  usart3.o(.text)
    testloop                                 0x08000a41   Thumb Code     2  usart3.o(.text)
    SIM800_Wait                              0x08000a79   Thumb Code    12  sim868.o(.text)
    Omnivoltaic_GPRSCommand                  0x08000a85   Thumb Code   116  sim868.o(.text)
    USART_DEBUG_SendStr                      0x08000af9   Thumb Code     2  sim868.o(.text)
    Omnivoltaic_GPRSConnctTcp                0x08000afb   Thumb Code   152  sim868.o(.text)
    Reset_Handler                            0x08000c45   Thumb Code     8  startup_stm32f10x_hd.o(.text)
    ADC1_2_IRQHandler                        0x08000c5f   Thumb Code     0  startup_stm32f10x_hd.o(.text)
    ADC3_IRQHandler                          0x08000c5f   Thumb Code     0  startup_stm32f10x_hd.o(.text)
    CAN1_RX1_IRQHandler                      0x08000c5f   Thumb Code     0  startup_stm32f10x_hd.o(.text)
    CAN1_SCE_IRQHandler                      0x08000c5f   Thumb Code     0  startup_stm32f10x_hd.o(.text)
    DMA1_Channel1_IRQHandler                 0x08000c5f   Thumb Code     0  startup_stm32f10x_hd.o(.text)
    DMA1_Channel2_IRQHandler                 0x08000c5f   Thumb Code     0  startup_stm32f10x_hd.o(.text)
    DMA1_Channel3_IRQHandler                 0x08000c5f   Thumb Code     0  startup_stm32f10x_hd.o(.text)
    DMA1_Channel4_IRQHandler                 0x08000c5f   Thumb Code     0  startup_stm32f10x_hd.o(.text)
    DMA1_Channel5_IRQHandler                 0x08000c5f   Thumb Code     0  startup_stm32f10x_hd.o(.text)
    DMA1_Channel6_IRQHandler                 0x08000c5f   Thumb Code     0  startup_stm32f10x_hd.o(.text)
    DMA1_Channel7_IRQHandler                 0x08000c5f   Thumb Code     0  startup_stm32f10x_hd.o(.text)
    DMA2_Channel1_IRQHandler                 0x08000c5f   Thumb Code     0  startup_stm32f10x_hd.o(.text)
    DMA2_Channel2_IRQHandler                 0x08000c5f   Thumb Code     0  startup_stm32f10x_hd.o(.text)
    DMA2_Channel3_IRQHandler                 0x08000c5f   Thumb Code     0  startup_stm32f10x_hd.o(.text)
    DMA2_Channel4_5_IRQHandler               0x08000c5f   Thumb Code     0  startup_stm32f10x_hd.o(.text)
    EXTI0_IRQHandler                         0x08000c5f   Thumb Code     0  startup_stm32f10x_hd.o(.text)
    EXTI15_10_IRQHandler                     0x08000c5f   Thumb Code     0  startup_stm32f10x_hd.o(.text)
    EXTI1_IRQHandler                         0x08000c5f   Thumb Code     0  startup_stm32f10x_hd.o(.text)
    EXTI2_IRQHandler                         0x08000c5f   Thumb Code     0  startup_stm32f10x_hd.o(.text)
    EXTI3_IRQHandler                         0x08000c5f   Thumb Code     0  startup_stm32f10x_hd.o(.text)
    EXTI4_IRQHandler                         0x08000c5f   Thumb Code     0  startup_stm32f10x_hd.o(.text)
    EXTI9_5_IRQHandler                       0x08000c5f   Thumb Code     0  startup_stm32f10x_hd.o(.text)
    FLASH_IRQHandler                         0x08000c5f   Thumb Code     0  startup_stm32f10x_hd.o(.text)
    FSMC_IRQHandler                          0x08000c5f   Thumb Code     0  startup_stm32f10x_hd.o(.text)
    I2C1_ER_IRQHandler                       0x08000c5f   Thumb Code     0  startup_stm32f10x_hd.o(.text)
    I2C1_EV_IRQHandler                       0x08000c5f   Thumb Code     0  startup_stm32f10x_hd.o(.text)
    I2C2_ER_IRQHandler                       0x08000c5f   Thumb Code     0  startup_stm32f10x_hd.o(.text)
    I2C2_EV_IRQHandler                       0x08000c5f   Thumb Code     0  startup_stm32f10x_hd.o(.text)
    PVD_IRQHandler                           0x08000c5f   Thumb Code     0  startup_stm32f10x_hd.o(.text)
    RCC_IRQHandler                           0x08000c5f   Thumb Code     0  startup_stm32f10x_hd.o(.text)
    RTCAlarm_IRQHandler                      0x08000c5f   Thumb Code     0  startup_stm32f10x_hd.o(.text)
    RTC_IRQHandler                           0x08000c5f   Thumb Code     0  startup_stm32f10x_hd.o(.text)
    SDIO_IRQHandler                          0x08000c5f   Thumb Code     0  startup_stm32f10x_hd.o(.text)
    SPI1_IRQHandler                          0x08000c5f   Thumb Code     0  startup_stm32f10x_hd.o(.text)
    SPI2_IRQHandler                          0x08000c5f   Thumb Code     0  startup_stm32f10x_hd.o(.text)
    SPI3_IRQHandler                          0x08000c5f   Thumb Code     0  startup_stm32f10x_hd.o(.text)
    TAMPER_IRQHandler                        0x08000c5f   Thumb Code     0  startup_stm32f10x_hd.o(.text)
    TIM1_BRK_IRQHandler                      0x08000c5f   Thumb Code     0  startup_stm32f10x_hd.o(.text)
    TIM1_CC_IRQHandler                       0x08000c5f   Thumb Code     0  startup_stm32f10x_hd.o(.text)
    TIM1_TRG_COM_IRQHandler                  0x08000c5f   Thumb Code     0  startup_stm32f10x_hd.o(.text)
    TIM1_UP_IRQHandler                       0x08000c5f   Thumb Code     0  startup_stm32f10x_hd.o(.text)
    TIM2_IRQHandler                          0x08000c5f   Thumb Code     0  startup_stm32f10x_hd.o(.text)
    TIM3_IRQHandler                          0x08000c5f   Thumb Code     0  startup_stm32f10x_hd.o(.text)
    TIM4_IRQHandler                          0x08000c5f   Thumb Code     0  startup_stm32f10x_hd.o(.text)
    TIM5_IRQHandler                          0x08000c5f   Thumb Code     0  startup_stm32f10x_hd.o(.text)
    TIM6_IRQHandler                          0x08000c5f   Thumb Code     0  startup_stm32f10x_hd.o(.text)
    TIM7_IRQHandler                          0x08000c5f   Thumb Code     0  startup_stm32f10x_hd.o(.text)
    TIM8_BRK_IRQHandler                      0x08000c5f   Thumb Code     0  startup_stm32f10x_hd.o(.text)
    TIM8_CC_IRQHandler                       0x08000c5f   Thumb Code     0  startup_stm32f10x_hd.o(.text)
    TIM8_TRG_COM_IRQHandler                  0x08000c5f   Thumb Code     0  startup_stm32f10x_hd.o(.text)
    TIM8_UP_IRQHandler                       0x08000c5f   Thumb Code     0  startup_stm32f10x_hd.o(.text)
    UART4_IRQHandler                         0x08000c5f   Thumb Code     0  startup_stm32f10x_hd.o(.text)
    UART5_IRQHandler                         0x08000c5f   Thumb Code     0  startup_stm32f10x_hd.o(.text)
    USART2_IRQHandler                        0x08000c5f   Thumb Code     0  startup_stm32f10x_hd.o(.text)
    USBWakeUp_IRQHandler                     0x08000c5f   Thumb Code     0  startup_stm32f10x_hd.o(.text)
    USB_HP_CAN1_TX_IRQHandler                0x08000c5f   Thumb Code     0  startup_stm32f10x_hd.o(.text)
    USB_LP_CAN1_RX0_IRQHandler               0x08000c5f   Thumb Code     0  startup_stm32f10x_hd.o(.text)
    WWDG_IRQHandler                          0x08000c5f   Thumb Code     0  startup_stm32f10x_hd.o(.text)
    __user_initial_stackheap                 0x08000c61   Thumb Code     0  startup_stm32f10x_hd.o(.text)
    GPIO_DeInit                              0x08000c85   Thumb Code   172  stm32f10x_gpio.o(.text)
    GPIO_AFIODeInit                          0x08000d31   Thumb Code    20  stm32f10x_gpio.o(.text)
    GPIO_Init                                0x08000d45   Thumb Code   278  stm32f10x_gpio.o(.text)
    GPIO_StructInit                          0x08000e5b   Thumb Code    16  stm32f10x_gpio.o(.text)
    GPIO_ReadInputDataBit                    0x08000e6b   Thumb Code    18  stm32f10x_gpio.o(.text)
    GPIO_ReadInputData                       0x08000e7d   Thumb Code     8  stm32f10x_gpio.o(.text)
    GPIO_ReadOutputDataBit                   0x08000e85   Thumb Code    18  stm32f10x_gpio.o(.text)
    GPIO_ReadOutputData                      0x08000e97   Thumb Code     8  stm32f10x_gpio.o(.text)
    GPIO_SetBits                             0x08000e9f   Thumb Code     4  stm32f10x_gpio.o(.text)
    GPIO_ResetBits                           0x08000ea3   Thumb Code     4  stm32f10x_gpio.o(.text)
    GPIO_WriteBit                            0x08000ea7   Thumb Code    10  stm32f10x_gpio.o(.text)
    GPIO_Write                               0x08000eb1   Thumb Code     4  stm32f10x_gpio.o(.text)
    GPIO_PinLockConfig                       0x08000eb5   Thumb Code    18  stm32f10x_gpio.o(.text)
    GPIO_EventOutputConfig                   0x08000ec7   Thumb Code    26  stm32f10x_gpio.o(.text)
    GPIO_EventOutputCmd                      0x08000ee1   Thumb Code     6  stm32f10x_gpio.o(.text)
    GPIO_PinRemapConfig                      0x08000ee7   Thumb Code   138  stm32f10x_gpio.o(.text)
    GPIO_EXTILineConfig                      0x08000f71   Thumb Code    66  stm32f10x_gpio.o(.text)
    GPIO_ETH_MediaInterfaceConfig            0x08000fb3   Thumb Code     8  stm32f10x_gpio.o(.text)
    RCC_DeInit                               0x08000fe1   Thumb Code    64  stm32f10x_rcc.o(.text)
    RCC_HSEConfig                            0x08001021   Thumb Code    70  stm32f10x_rcc.o(.text)
    RCC_GetFlagStatus                        0x08001067   Thumb Code    56  stm32f10x_rcc.o(.text)
    RCC_WaitForHSEStartUp                    0x0800109f   Thumb Code    56  stm32f10x_rcc.o(.text)
    RCC_AdjustHSICalibrationValue            0x080010d7   Thumb Code    20  stm32f10x_rcc.o(.text)
    RCC_HSICmd                               0x080010eb   Thumb Code     6  stm32f10x_rcc.o(.text)
    RCC_PLLConfig                            0x080010f1   Thumb Code    24  stm32f10x_rcc.o(.text)
    RCC_PLLCmd                               0x08001109   Thumb Code     6  stm32f10x_rcc.o(.text)
    RCC_SYSCLKConfig                         0x0800110f   Thumb Code    18  stm32f10x_rcc.o(.text)
    RCC_GetSYSCLKSource                      0x08001121   Thumb Code    10  stm32f10x_rcc.o(.text)
    RCC_HCLKConfig                           0x0800112b   Thumb Code    18  stm32f10x_rcc.o(.text)
    RCC_PCLK1Config                          0x0800113d   Thumb Code    18  stm32f10x_rcc.o(.text)
    RCC_PCLK2Config                          0x0800114f   Thumb Code    20  stm32f10x_rcc.o(.text)
    RCC_ITConfig                             0x08001163   Thumb Code    26  stm32f10x_rcc.o(.text)
    RCC_USBCLKConfig                         0x0800117d   Thumb Code     8  stm32f10x_rcc.o(.text)
    RCC_ADCCLKConfig                         0x08001185   Thumb Code    18  stm32f10x_rcc.o(.text)
    RCC_LSEConfig                            0x08001197   Thumb Code    50  stm32f10x_rcc.o(.text)
    RCC_LSICmd                               0x080011c9   Thumb Code     6  stm32f10x_rcc.o(.text)
    RCC_RTCCLKConfig                         0x080011cf   Thumb Code    12  stm32f10x_rcc.o(.text)
    RCC_RTCCLKCmd                            0x080011db   Thumb Code     8  stm32f10x_rcc.o(.text)
    RCC_GetClocksFreq                        0x080011e3   Thumb Code   192  stm32f10x_rcc.o(.text)
    RCC_AHBPeriphClockCmd                    0x080012a3   Thumb Code    26  stm32f10x_rcc.o(.text)
    RCC_APB2PeriphClockCmd                   0x080012bd   Thumb Code    26  stm32f10x_rcc.o(.text)
    RCC_APB1PeriphClockCmd                   0x080012d7   Thumb Code    26  stm32f10x_rcc.o(.text)
    RCC_APB2PeriphResetCmd                   0x080012f1   Thumb Code    26  stm32f10x_rcc.o(.text)
    RCC_APB1PeriphResetCmd                   0x0800130b   Thumb Code    26  stm32f10x_rcc.o(.text)
    RCC_BackupResetCmd                       0x08001325   Thumb Code     8  stm32f10x_rcc.o(.text)
    RCC_ClockSecuritySystemCmd               0x0800132d   Thumb Code     6  stm32f10x_rcc.o(.text)
    RCC_MCOConfig                            0x08001333   Thumb Code     6  stm32f10x_rcc.o(.text)
    RCC_ClearFlag                            0x08001339   Thumb Code    14  stm32f10x_rcc.o(.text)
    RCC_GetITStatus                          0x08001347   Thumb Code    20  stm32f10x_rcc.o(.text)
    RCC_ClearITPendingBit                    0x0800135b   Thumb Code     6  stm32f10x_rcc.o(.text)
    USART_DeInit                             0x08001385   Thumb Code   134  stm32f10x_usart.o(.text)
    USART_Init                               0x0800140b   Thumb Code   210  stm32f10x_usart.o(.text)
    USART_StructInit                         0x080014dd   Thumb Code    24  stm32f10x_usart.o(.text)
    USART_ClockInit                          0x080014f5   Thumb Code    34  stm32f10x_usart.o(.text)
    USART_ClockStructInit                    0x08001517   Thumb Code    12  stm32f10x_usart.o(.text)
    USART_Cmd                                0x08001523   Thumb Code    24  stm32f10x_usart.o(.text)
    USART_ITConfig                           0x0800153b   Thumb Code    74  stm32f10x_usart.o(.text)
    USART_DMACmd                             0x08001585   Thumb Code    18  stm32f10x_usart.o(.text)
    USART_SetAddress                         0x08001597   Thumb Code    18  stm32f10x_usart.o(.text)
    USART_WakeUpConfig                       0x080015a9   Thumb Code    18  stm32f10x_usart.o(.text)
    USART_ReceiverWakeUpCmd                  0x080015bb   Thumb Code    24  stm32f10x_usart.o(.text)
    USART_LINBreakDetectLengthConfig         0x080015d3   Thumb Code    18  stm32f10x_usart.o(.text)
    USART_LINCmd                             0x080015e5   Thumb Code    24  stm32f10x_usart.o(.text)
    USART_SendData                           0x080015fd   Thumb Code     8  stm32f10x_usart.o(.text)
    USART_ReceiveData                        0x08001605   Thumb Code    10  stm32f10x_usart.o(.text)
    USART_SendBreak                          0x0800160f   Thumb Code    10  stm32f10x_usart.o(.text)
    USART_SetGuardTime                       0x08001619   Thumb Code    16  stm32f10x_usart.o(.text)
    USART_SetPrescaler                       0x08001629   Thumb Code    16  stm32f10x_usart.o(.text)
    USART_SmartCardCmd                       0x08001639   Thumb Code    24  stm32f10x_usart.o(.text)
    USART_SmartCardNACKCmd                   0x08001651   Thumb Code    24  stm32f10x_usart.o(.text)
    USART_HalfDuplexCmd                      0x08001669   Thumb Code    24  stm32f10x_usart.o(.text)
    USART_OverSampling8Cmd                   0x08001681   Thumb Code    22  stm32f10x_usart.o(.text)
    USART_OneBitMethodCmd                    0x08001697   Thumb Code    24  stm32f10x_usart.o(.text)
    USART_IrDAConfig                         0x080016af   Thumb Code    18  stm32f10x_usart.o(.text)
    USART_IrDACmd                            0x080016c1   Thumb Code    24  stm32f10x_usart.o(.text)
    USART_GetFlagStatus                      0x080016d9   Thumb Code    26  stm32f10x_usart.o(.text)
    USART_ClearFlag                          0x080016f3   Thumb Code    18  stm32f10x_usart.o(.text)
    USART_GetITStatus                        0x08001705   Thumb Code    84  stm32f10x_usart.o(.text)
    USART_ClearITPendingBit                  0x08001759   Thumb Code    52  stm32f10x_usart.o(.text)
    NVIC_PriorityGroupConfig                 0x0800178d   Thumb Code    10  misc.o(.text)
    NVIC_Init                                0x08001797   Thumb Code   100  misc.o(.text)
    NVIC_SetVectorTable                      0x080017fb   Thumb Code    14  misc.o(.text)
    NVIC_SystemLPConfig                      0x08001809   Thumb Code    34  misc.o(.text)
    SysTick_CLKSourceConfig                  0x0800182b   Thumb Code    40  misc.o(.text)
    MQTT_Send_Packet_Init                    0x08001869   Thumb Code    30  mqtt_test.o(.text)
    MQTT_DEBUG                               0x08001887   Thumb Code    28  mqtt_test.o(.text)
    MQTT_Send_Packet_CONNECT                 0x080018a3   Thumb Code   124  mqtt_test.o(.text)
    MQTT_Send_Packet_PUBLISH                 0x0800191f   Thumb Code   114  mqtt_test.o(.text)
    MQTT_Send_Packet_SUBSCRIBE               0x08001991   Thumb Code   136  mqtt_test.o(.text)
    MQTT_Read_Packet_SUBSCRIBE               0x08001a19   Thumb Code   108  mqtt_test.o(.text)
    MQTT_DEBUG2                              0x08001a85   Thumb Code   126  mqtt_test.o(.text)
    MQTT_Delay                               0x08001b03   Thumb Code    12  mqtt_test.o(.text)
    MQTT_Send_Packet_PING                    0x08001b0f   Thumb Code    98  mqtt_test.o(.text)
    MQTT_Send_Packet_Test                    0x08001b71   Thumb Code   132  mqtt_test.o(.text)
    MQTTSerialize_connectLength              0x08001da9   Thumb Code   118  mqttconnectclient.o(.text)
    MQTTSerialize_connect                    0x08001e1f   Thumb Code   350  mqttconnectclient.o(.text)
    MQTTDeserialize_connack                  0x08001f7d   Thumb Code   118  mqttconnectclient.o(.text)
    MQTTSerialize_zero                       0x08001ff3   Thumb Code    90  mqttconnectclient.o(.text)
    MQTTSerialize_disconnect                 0x0800204d   Thumb Code    18  mqttconnectclient.o(.text)
    MQTTSerialize_pingreq                    0x0800205f   Thumb Code    18  mqttconnectclient.o(.text)
    MQTTDeserialize_publish                  0x08002081   Thumb Code   168  mqttdeserializepublish.o(.text)
    MQTTDeserialize_ack                      0x08002129   Thumb Code   108  mqttdeserializepublish.o(.text)
    MQTTPacket_encode                        0x08002195   Thumb Code    54  mqttpacket.o(.text)
    MQTTPacket_decode                        0x080021cb   Thumb Code    88  mqttpacket.o(.text)
    MQTTPacket_VBIlen                        0x08002223   Thumb Code    36  mqttpacket.o(.text)
    MQTTPacket_len                           0x08002247   Thumb Code    16  mqttpacket.o(.text)
    bufchar                                  0x08002257   Thumb Code    36  mqttpacket.o(.text)
    MQTTPacket_decodeBuf                     0x0800227b   Thumb Code    22  mqttpacket.o(.text)
    readInt                                  0x08002291   Thumb Code    26  mqttpacket.o(.text)
    readChar                                 0x080022ab   Thumb Code    14  mqttpacket.o(.text)
    writeChar                                0x080022b9   Thumb Code    12  mqttpacket.o(.text)
    writeInt                                 0x080022c5   Thumb Code    48  mqttpacket.o(.text)
    writeCString                             0x080022f5   Thumb Code    40  mqttpacket.o(.text)
    getLenStringLen                          0x0800231d   Thumb Code    18  mqttpacket.o(.text)
    writeMQTTString                          0x0800232f   Thumb Code    62  mqttpacket.o(.text)
    readMQTTLenString                        0x0800236d   Thumb Code    58  mqttpacket.o(.text)
    MQTTstrlen                               0x080023a7   Thumb Code    24  mqttpacket.o(.text)
    MQTTPacket_equals                        0x080023bf   Thumb Code    66  mqttpacket.o(.text)
    MQTTPacket_read                          0x08002401   Thumb Code   102  mqttpacket.o(.text)
    MQTTPacket_readnb                        0x080024cf   Thumb Code   204  mqttpacket.o(.text)
    MQTTSerialize_publishLength              0x080025a1   Thumb Code    34  mqttserializepublish.o(.text)
    MQTTSerialize_publish                    0x080025c3   Thumb Code   176  mqttserializepublish.o(.text)
    MQTTSerialize_ack                        0x08002673   Thumb Code   118  mqttserializepublish.o(.text)
    MQTTSerialize_puback                     0x080026e9   Thumb Code    24  mqttserializepublish.o(.text)
    MQTTSerialize_pubrec                     0x08002701   Thumb Code    24  mqttserializepublish.o(.text)
    MQTTSerialize_pubrel                     0x08002719   Thumb Code    26  mqttserializepublish.o(.text)
    MQTTSerialize_pubcomp                    0x08002733   Thumb Code    24  mqttserializepublish.o(.text)
    MQTTSerialize_subscribeLength            0x0800274b   Thumb Code    46  mqttsubscribeclient.o(.text)
    MQTTSerialize_subscribe                  0x08002779   Thumb Code   178  mqttsubscribeclient.o(.text)
    MQTTDeserialize_suback                   0x0800282b   Thumb Code   150  mqttsubscribeclient.o(.text)
    transport_sendPacketBuffer               0x080028c1   Thumb Code    36  transport.o(.text)
    transport_getdata                        0x080028e5   Thumb Code    26  transport.o(.text)
    transport_getdatanb                      0x080028ff   Thumb Code     6  transport.o(.text)
    transport_open                           0x08002905   Thumb Code     6  transport.o(.text)
    transport_close                          0x0800290b   Thumb Code     6  transport.o(.text)
    __2printf                                0x08002915   Thumb Code    20  __2printf.o(.text)
    __2sprintf                               0x0800292d   Thumb Code    38  __2sprintf.o(.text)
    _printf_pre_padding                      0x08002959   Thumb Code    44  _printf_pad.o(.text)
    _printf_post_padding                     0x08002985   Thumb Code    34  _printf_pad.o(.text)
    _printf_str                              0x080029a7   Thumb Code    82  _printf_str.o(.text)
    _printf_int_dec                          0x080029f9   Thumb Code   104  _printf_dec.o(.text)
    _printf_int_hex                          0x08002a71   Thumb Code    84  _printf_hex_int.o(.text)
    _printf_longlong_hex                     0x08002a71   Thumb Code     0  _printf_hex_int.o(.text)
    __printf                                 0x08002ac9   Thumb Code   308  __printf_flags_wp.o(.text)
    strstr                                   0x08002c01   Thumb Code    36  strstr.o(.text)
    strlen                                   0x08002c25   Thumb Code    62  strlen.o(.text)
    strncmp                                  0x08002c63   Thumb Code   150  strncmp.o(.text)
    __aeabi_memcpy                           0x08002cf9   Thumb Code     0  rt_memcpy_v6.o(.text)
    __rt_memcpy                              0x08002cf9   Thumb Code   138  rt_memcpy_v6.o(.text)
    _memcpy_lastbytes                        0x08002d5f   Thumb Code     0  rt_memcpy_v6.o(.text)
    __aeabi_memclr4                          0x08002d83   Thumb Code     0  rt_memclr_w.o(.text)
    __aeabi_memclr8                          0x08002d83   Thumb Code     0  rt_memclr_w.o(.text)
    __rt_memclr_w                            0x08002d83   Thumb Code    78  rt_memclr_w.o(.text)
    _memset_w                                0x08002d87   Thumb Code     0  rt_memclr_w.o(.text)
    __use_two_region_memory                  0x08002dd1   Thumb Code     2  heapauxi.o(.text)
    __rt_heap_escrow                         0x08002dd3   Thumb Code     2  heapauxi.o(.text)
    __rt_heap_expand                         0x08002dd5   Thumb Code     2  heapauxi.o(.text)
    _printf_int_common                       0x08002dd7   Thumb Code   178  _printf_intcommon.o(.text)
    _printf_char_common                      0x08002e93   Thumb Code    32  _printf_char_common.o(.text)
    _sputc                                   0x08002eb9   Thumb Code    10  _sputc.o(.text)
    _printf_cs_common                        0x08002ec3   Thumb Code    20  _printf_char.o(.text)
    _printf_char                             0x08002ed7   Thumb Code    16  _printf_char.o(.text)
    _printf_string                           0x08002ee7   Thumb Code     8  _printf_char.o(.text)
    _printf_char_file                        0x08002ef1   Thumb Code    32  _printf_char_file.o(.text)
    __aeabi_memcpy4                          0x08002f15   Thumb Code     0  rt_memcpy_w.o(.text)
    __aeabi_memcpy8                          0x08002f15   Thumb Code     0  rt_memcpy_w.o(.text)
    __rt_memcpy_w                            0x08002f15   Thumb Code   100  rt_memcpy_w.o(.text)
    _memcpy_lastbytes_aligned                0x08002f5d   Thumb Code     0  rt_memcpy_w.o(.text)
    ferror                                   0x08002f79   Thumb Code     8  ferror.o(.text)
    _initio                                  0x08002f81   Thumb Code   210  initio.o(.text)
    _terminateio                             0x08003053   Thumb Code    56  initio.o(.text)
    _sys_open                                0x080030b9   Thumb Code    20  sys_io.o(.text)
    _sys_close                               0x080030cd   Thumb Code    12  sys_io.o(.text)
    _sys_write                               0x080030d9   Thumb Code    16  sys_io.o(.text)
    _sys_read                                0x080030e9   Thumb Code    14  sys_io.o(.text)
    _sys_istty                               0x080030f7   Thumb Code    12  sys_io.o(.text)
    _sys_seek                                0x08003103   Thumb Code    14  sys_io.o(.text)
    _sys_ensure                              0x08003111   Thumb Code     2  sys_io.o(.text)
    _sys_flen                                0x08003113   Thumb Code    12  sys_io.o(.text)
    __user_setup_stackheap                   0x0800311f   Thumb Code    74  sys_stackheap_outer.o(.text)
    free                                     0x08003169   Thumb Code    78  h1_free.o(.text)
    __flsbuf                                 0x080031b7   Thumb Code   470  flsbuf.o(.text)
    __flsbuf_byte                            0x080031b7   Thumb Code     0  flsbuf.o(.text)
    __flsbuf_wide                            0x080031b7   Thumb Code     0  flsbuf.o(.text)
    setvbuf                                  0x0800338d   Thumb Code    70  setvbuf.o(.text)
    freopen                                  0x080033d5   Thumb Code   158  fopen.o(.text)
    fopen                                    0x08003473   Thumb Code    74  fopen.o(.text)
    _fclose_internal                         0x080034c1   Thumb Code    76  fclose.o(.text)
    fclose                                   0x080034c1   Thumb Code     0  fclose.o(.text)
    exit                                     0x0800350d   Thumb Code    18  exit.o(.text)
    __rt_SIGRTRED                            0x0800351f   Thumb Code    14  defsig_rtred_outer.o(.text)
    __user_libspace                          0x0800352d   Thumb Code     8  libspace.o(.text)
    __user_perproc_libspace                  0x0800352d   Thumb Code     0  libspace.o(.text)
    __user_perthread_libspace                0x0800352d   Thumb Code     0  libspace.o(.text)
    __I$use$semihosting                      0x08003535   Thumb Code     0  use_no_semi.o(.text)
    __use_no_semihosting_swi                 0x08003535   Thumb Code     2  use_no_semi.o(.text)
    __semihosting_library_function           0x08003537   Thumb Code     0  indicate_semi.o(.text)
    __rt_heap_descriptor                     0x08003539   Thumb Code     8  rt_heap_descriptor_intlibspace.o(.text)
    __use_no_heap                            0x08003541   Thumb Code     2  hguard.o(.text)
    __heap$guard                             0x08003543   Thumb Code     2  hguard.o(.text)
    _terminate_user_alloc                    0x08003545   Thumb Code     2  init_alloc.o(.text)
    _init_user_alloc                         0x08003547   Thumb Code     2  init_alloc.o(.text)
    __Heap_Full                              0x08003549   Thumb Code    34  init_alloc.o(.text)
    __Heap_Broken                            0x0800356b   Thumb Code     6  init_alloc.o(.text)
    _init_alloc                              0x08003571   Thumb Code    94  init_alloc.o(.text)
    malloc                                   0x080035cf   Thumb Code    94  h1_alloc.o(.text)
    _fseek                                   0x0800362d   Thumb Code   242  fseek.o(.text)
    fseek                                    0x0800362d   Thumb Code     0  fseek.o(.text)
    _seterr                                  0x08003725   Thumb Code    20  stdio.o(.text)
    _writebuf                                0x08003739   Thumb Code    84  stdio.o(.text)
    _fflush                                  0x0800378d   Thumb Code    70  stdio.o(.text)
    _deferredlazyseek                        0x080037d3   Thumb Code    60  stdio.o(.text)
    __sig_exit                               0x08003815   Thumb Code    10  defsig_exit.o(.text)
    __rt_SIGRTRED_inner                      0x08003821   Thumb Code    14  defsig_rtred_inner.o(.text)
    _sys_exit                                0x08003855   Thumb Code     8  sys_exit.o(.text)
    __Heap_Initialize                        0x08003861   Thumb Code    10  h1_init.o(.text)
    __Heap_DescSize                          0x0800386b   Thumb Code     4  h1_init.o(.text)
    __Heap_ProvideMemory                     0x0800386f   Thumb Code    52  h1_extend.o(.text)
    _ftell_internal                          0x080038a3   Thumb Code    66  ftell.o(.text)
    ftell                                    0x080038a3   Thumb Code     0  ftell.o(.text)
    __default_signal_display                 0x080038e5   Thumb Code    50  defsig_general.o(.text)
    __rt_SIGRTMEM                            0x08003917   Thumb Code    14  defsig_rtmem_outer.o(.text)
    _ttywrch                                 0x08003925   Thumb Code    14  sys_wrch.o(.text)
    __aeabi_errno_addr                       0x08003935   Thumb Code     8  rt_errno_addr_intlibspace.o(.text)
    __errno$intlibspace                      0x08003935   Thumb Code     0  rt_errno_addr_intlibspace.o(.text)
    __rt_errno_addr$intlibspace              0x08003935   Thumb Code     0  rt_errno_addr_intlibspace.o(.text)
    __rt_SIGRTMEM_inner                      0x0800393d   Thumb Code    22  defsig_rtmem_inner.o(.text)
    _is_digit                                0x0800398d   Thumb Code    14  __printf_wp.o(i._is_digit)
    fputc                                    0x0800399b   Thumb Code    26  fputc.o(i.fputc)
    __stdin_name                             0x080039ed   Data           4  sys_io.o(.constdata)
    __stdout_name                            0x080039f1   Data           4  sys_io.o(.constdata)
    __stderr_name                            0x080039f5   Data           4  sys_io.o(.constdata)
    Region$$Table$$Base                      0x08003a30   Number         0  anon$$obj.o(Region$$Table)
    Region$$Table$$Limit                     0x08003a50   Number         0  anon$$obj.o(Region$$Table)
    SystemCoreClock                          0x20000000   Data           4  system_stm32f10x.o(.data)
    AHBPrescTable                            0x20000004   Data          16  system_stm32f10x.o(.data)
    Uart3                                    0x20000018   Data        1056  usart3.o(.data)
    Defualt_URL                              0x20000438   Data           4  sim868.o(.data)
    toStop                                   0x20000450   Data           4  mqtt_test.o(.data)
    gbuflen                                  0x20000454   Data           4  mqtt_test.o(.data)
    gdata                                    0x20000458   Data          88  mqtt_test.o(.data)
    __aeabi_stdin                            0x200004b4   Data           4  stdio_streams.o(.data)
    __aeabi_stdout                           0x200004b8   Data           4  stdio_streams.o(.data)
    __aeabi_stderr                           0x200004bc   Data           4  stdio_streams.o(.data)
    tmpbuf                                   0x200004c0   Data          20  usart3.o(.bss)
    gbuf                                     0x200004d4   Data         200  mqtt_test.o(.bss)
    gtopicString                             0x2000059c   Data          12  mqtt_test.o(.bss)
    __stdin                                  0x200005a8   Data          84  stdio_streams.o(.bss)
    __stdout                                 0x200005fc   Data          84  stdio_streams.o(.bss)
    __stderr                                 0x20000650   Data          84  stdio_streams.o(.bss)
    __libspace_start                         0x200006a4   Data          96  libspace.o(.bss)
    __temporary_stack_top$libspace           0x20000704   Data           0  libspace.o(.bss)



==============================================================================

Memory Map of the image

  Image Entry point : 0x08000131

  Load Region LR_IROM1 (Base: 0x08000000, Size: 0x00003f10, Max: 0x00040000, ABSOLUTE, COMPRESSED[0x00003aa4])

    Execution Region ER_IROM1 (Exec base: 0x08000000, Load base: 0x08000000, Size: 0x00003a50, Max: 0x00040000, ABSOLUTE)

    Exec Addr    Load Addr    Size         Type   Attr      Idx    E Section Name        Object

    0x08000000   0x08000000   0x00000130   Data   RO          338    RESET               startup_stm32f10x_hd.o
    0x08000130   0x08000130   0x00000008   Code   RO          658  * !!!main             c_w.l(__main.o)
    0x08000138   0x08000138   0x00000034   Code   RO         1011    !!!scatter          c_w.l(__scatter.o)
    0x0800016c   0x0800016c   0x0000005a   Code   RO         1009    !!dczerorl2         c_w.l(__dczerorl2.o)
    0x080001c6   0x080001c6   0x00000002   PAD
    0x080001c8   0x080001c8   0x0000001c   Code   RO         1013    !!handler_zi        c_w.l(__scatter_zi.o)
    0x080001e4   0x080001e4   0x00000000   Code   RO          643    .ARM.Collect$$_printf_percent$$00000000  c_w.l(_printf_percent.o)
    0x080001e4   0x080001e4   0x00000006   Code   RO          642    .ARM.Collect$$_printf_percent$$00000009  c_w.l(_printf_d.o)
    0x080001ea   0x080001ea   0x00000006   Code   RO          641    .ARM.Collect$$_printf_percent$$0000000C  c_w.l(_printf_x.o)
    0x080001f0   0x080001f0   0x00000006   Code   RO          640    .ARM.Collect$$_printf_percent$$00000014  c_w.l(_printf_s.o)
    0x080001f6   0x080001f6   0x00000004   Code   RO          673    .ARM.Collect$$_printf_percent$$00000017  c_w.l(_printf_percent_end.o)
    0x080001fa   0x080001fa   0x00000002   Code   RO          802    .ARM.Collect$$libinit$$00000000  c_w.l(libinit.o)
    0x080001fc   0x080001fc   0x00000000   Code   RO          804    .ARM.Collect$$libinit$$00000002  c_w.l(libinit2.o)
    0x080001fc   0x080001fc   0x00000000   Code   RO          806    .ARM.Collect$$libinit$$00000004  c_w.l(libinit2.o)
    0x080001fc   0x080001fc   0x00000008   Code   RO          807    .ARM.Collect$$libinit$$00000005  c_w.l(libinit2.o)
    0x08000204   0x08000204   0x00000000   Code   RO          809    .ARM.Collect$$libinit$$0000000A  c_w.l(libinit2.o)
    0x08000204   0x08000204   0x00000000   Code   RO          811    .ARM.Collect$$libinit$$0000000C  c_w.l(libinit2.o)
    0x08000204   0x08000204   0x00000000   Code   RO          813    .ARM.Collect$$libinit$$0000000E  c_w.l(libinit2.o)
    0x08000204   0x08000204   0x00000000   Code   RO          816    .ARM.Collect$$libinit$$00000011  c_w.l(libinit2.o)
    0x08000204   0x08000204   0x00000000   Code   RO          818    .ARM.Collect$$libinit$$00000013  c_w.l(libinit2.o)
    0x08000204   0x08000204   0x00000000   Code   RO          820    .ARM.Collect$$libinit$$00000015  c_w.l(libinit2.o)
    0x08000204   0x08000204   0x00000000   Code   RO          822    .ARM.Collect$$libinit$$00000017  c_w.l(libinit2.o)
    0x08000204   0x08000204   0x00000000   Code   RO          824    .ARM.Collect$$libinit$$00000019  c_w.l(libinit2.o)
    0x08000204   0x08000204   0x00000000   Code   RO          826    .ARM.Collect$$libinit$$0000001B  c_w.l(libinit2.o)
    0x08000204   0x08000204   0x00000000   Code   RO          828    .ARM.Collect$$libinit$$0000001D  c_w.l(libinit2.o)
    0x08000204   0x08000204   0x00000000   Code   RO          830    .ARM.Collect$$libinit$$0000001F  c_w.l(libinit2.o)
    0x08000204   0x08000204   0x00000000   Code   RO          832    .ARM.Collect$$libinit$$00000021  c_w.l(libinit2.o)
    0x08000204   0x08000204   0x00000000   Code   RO          834    .ARM.Collect$$libinit$$00000023  c_w.l(libinit2.o)
    0x08000204   0x08000204   0x00000004   Code   RO          835    .ARM.Collect$$libinit$$00000024  c_w.l(libinit2.o)
    0x08000208   0x08000208   0x00000000   Code   RO          836    .ARM.Collect$$libinit$$00000025  c_w.l(libinit2.o)
    0x08000208   0x08000208   0x00000000   Code   RO          840    .ARM.Collect$$libinit$$0000002C  c_w.l(libinit2.o)
    0x08000208   0x08000208   0x00000000   Code   RO          842    .ARM.Collect$$libinit$$0000002E  c_w.l(libinit2.o)
    0x08000208   0x08000208   0x00000000   Code   RO          844    .ARM.Collect$$libinit$$00000030  c_w.l(libinit2.o)
    0x08000208   0x08000208   0x00000000   Code   RO          846    .ARM.Collect$$libinit$$00000032  c_w.l(libinit2.o)
    0x08000208   0x08000208   0x00000002   Code   RO          847    .ARM.Collect$$libinit$$00000033  c_w.l(libinit2.o)
    0x0800020a   0x0800020a   0x00000002   Code   RO          988    .ARM.Collect$$libshutdown$$00000000  c_w.l(libshutdown.o)
    0x0800020c   0x0800020c   0x00000000   Code   RO          849    .ARM.Collect$$libshutdown$$00000002  c_w.l(libshutdown2.o)
    0x0800020c   0x0800020c   0x00000004   Code   RO          850    .ARM.Collect$$libshutdown$$00000003  c_w.l(libshutdown2.o)
    0x08000210   0x08000210   0x00000000   Code   RO          851    .ARM.Collect$$libshutdown$$00000004  c_w.l(libshutdown2.o)
    0x08000210   0x08000210   0x00000000   Code   RO          854    .ARM.Collect$$libshutdown$$00000007  c_w.l(libshutdown2.o)
    0x08000210   0x08000210   0x00000000   Code   RO          857    .ARM.Collect$$libshutdown$$0000000A  c_w.l(libshutdown2.o)
    0x08000210   0x08000210   0x00000000   Code   RO          859    .ARM.Collect$$libshutdown$$0000000C  c_w.l(libshutdown2.o)
    0x08000210   0x08000210   0x00000000   Code   RO          862    .ARM.Collect$$libshutdown$$0000000F  c_w.l(libshutdown2.o)
    0x08000210   0x08000210   0x00000002   Code   RO          863    .ARM.Collect$$libshutdown$$00000010  c_w.l(libshutdown2.o)
    0x08000212   0x08000212   0x00000000   Code   RO          660    .ARM.Collect$$rtentry$$00000000  c_w.l(__rtentry.o)
    0x08000212   0x08000212   0x00000000   Code   RO          683    .ARM.Collect$$rtentry$$00000002  c_w.l(__rtentry2.o)
    0x08000212   0x08000212   0x00000006   Code   RO          695    .ARM.Collect$$rtentry$$00000004  c_w.l(__rtentry4.o)
    0x08000218   0x08000218   0x00000000   Code   RO          685    .ARM.Collect$$rtentry$$00000009  c_w.l(__rtentry2.o)
    0x08000218   0x08000218   0x00000004   Code   RO          686    .ARM.Collect$$rtentry$$0000000A  c_w.l(__rtentry2.o)
    0x0800021c   0x0800021c   0x00000000   Code   RO          688    .ARM.Collect$$rtentry$$0000000C  c_w.l(__rtentry2.o)
    0x0800021c   0x0800021c   0x00000008   Code   RO          689    .ARM.Collect$$rtentry$$0000000D  c_w.l(__rtentry2.o)
    0x08000224   0x08000224   0x00000002   Code   RO          872    .ARM.Collect$$rtexit$$00000000  c_w.l(rtexit.o)
    0x08000226   0x08000226   0x00000000   Code   RO          926    .ARM.Collect$$rtexit$$00000002  c_w.l(rtexit2.o)
    0x08000226   0x08000226   0x00000004   Code   RO          927    .ARM.Collect$$rtexit$$00000003  c_w.l(rtexit2.o)
    0x0800022a   0x0800022a   0x00000006   Code   RO          928    .ARM.Collect$$rtexit$$00000004  c_w.l(rtexit2.o)
    0x08000230   0x08000230   0x00000000   Code   RO          932    .emb_text           c_w.l(maybetermalloc1.o)
    0x08000230   0x08000230   0x00000084   Code   RO            1    .text               main.o
    0x080002b4   0x080002b4   0x0000001a   Code   RO          156    .text               stm32f10x_it.o
    0x080002ce   0x080002ce   0x00000002   PAD
    0x080002d0   0x080002d0   0x000001e0   Code   RO          197    .text               system_stm32f10x.o
    0x080004b0   0x080004b0   0x00000050   Code   RO          215    .text               led.o
    0x08000500   0x08000500   0x000000d8   Code   RO          227    .text               delay.o
    0x080005d8   0x080005d8   0x000000d8   Code   RO          258    .text               usart.o
    0x080006b0   0x080006b0   0x000003c8   Code   RO          277    .text               usart3.o
    0x08000a78   0x08000a78   0x000001cc   Code   RO          296    .text               sim868.o
    0x08000c44   0x08000c44   0x00000040   Code   RO          339    .text               startup_stm32f10x_hd.o
    0x08000c84   0x08000c84   0x0000035c   Code   RO          343    .text               stm32f10x_gpio.o
    0x08000fe0   0x08000fe0   0x000003a4   Code   RO          355    .text               stm32f10x_rcc.o
    0x08001384   0x08001384   0x00000408   Code   RO          369    .text               stm32f10x_usart.o
    0x0800178c   0x0800178c   0x000000dc   Code   RO          381    .text               misc.o
    0x08001868   0x08001868   0x00000540   Code   RO          393    .text               mqtt_test.o
    0x08001da8   0x08001da8   0x000002d8   Code   RO          430    .text               mqttconnectclient.o
    0x08002080   0x08002080   0x00000114   Code   RO          460    .text               mqttdeserializepublish.o
    0x08002194   0x08002194   0x0000040c   Code   RO          488    .text               mqttpacket.o
    0x080025a0   0x080025a0   0x000001aa   Code   RO          502    .text               mqttserializepublish.o
    0x0800274a   0x0800274a   0x00000176   Code   RO          514    .text               mqttsubscribeclient.o
    0x080028c0   0x080028c0   0x00000054   Code   RO          562    .text               transport.o
    0x08002914   0x08002914   0x00000018   Code   RO          579    .text               c_w.l(__2printf.o)
    0x0800292c   0x0800292c   0x0000002c   Code   RO          581    .text               c_w.l(__2sprintf.o)
    0x08002958   0x08002958   0x0000004e   Code   RO          593    .text               c_w.l(_printf_pad.o)
    0x080029a6   0x080029a6   0x00000052   Code   RO          595    .text               c_w.l(_printf_str.o)
    0x080029f8   0x080029f8   0x00000078   Code   RO          597    .text               c_w.l(_printf_dec.o)
    0x08002a70   0x08002a70   0x00000058   Code   RO          602    .text               c_w.l(_printf_hex_int.o)
    0x08002ac8   0x08002ac8   0x00000138   Code   RO          632    .text               c_w.l(__printf_flags_wp.o)
    0x08002c00   0x08002c00   0x00000024   Code   RO          644    .text               c_w.l(strstr.o)
    0x08002c24   0x08002c24   0x0000003e   Code   RO          648    .text               c_w.l(strlen.o)
    0x08002c62   0x08002c62   0x00000096   Code   RO          650    .text               c_w.l(strncmp.o)
    0x08002cf8   0x08002cf8   0x0000008a   Code   RO          652    .text               c_w.l(rt_memcpy_v6.o)
    0x08002d82   0x08002d82   0x0000004e   Code   RO          654    .text               c_w.l(rt_memclr_w.o)
    0x08002dd0   0x08002dd0   0x00000006   Code   RO          656    .text               c_w.l(heapauxi.o)
    0x08002dd6   0x08002dd6   0x000000b2   Code   RO          661    .text               c_w.l(_printf_intcommon.o)
    0x08002e88   0x08002e88   0x00000030   Code   RO          663    .text               c_w.l(_printf_char_common.o)
    0x08002eb8   0x08002eb8   0x0000000a   Code   RO          665    .text               c_w.l(_sputc.o)
    0x08002ec2   0x08002ec2   0x0000002c   Code   RO          669    .text               c_w.l(_printf_char.o)
    0x08002eee   0x08002eee   0x00000002   PAD
    0x08002ef0   0x08002ef0   0x00000024   Code   RO          671    .text               c_w.l(_printf_char_file.o)
    0x08002f14   0x08002f14   0x00000064   Code   RO          680    .text               c_w.l(rt_memcpy_w.o)
    0x08002f78   0x08002f78   0x00000008   Code   RO          699    .text               c_w.l(ferror.o)
    0x08002f80   0x08002f80   0x00000138   Code   RO          705    .text               c_w.l(initio.o)
    0x080030b8   0x080030b8   0x00000066   Code   RO          713    .text               c_w.l(sys_io.o)
    0x0800311e   0x0800311e   0x0000004a   Code   RO          720    .text               c_w.l(sys_stackheap_outer.o)
    0x08003168   0x08003168   0x0000004e   Code   RO          724    .text               c_w.l(h1_free.o)
    0x080031b6   0x080031b6   0x000001d6   Code   RO          778    .text               c_w.l(flsbuf.o)
    0x0800338c   0x0800338c   0x00000046   Code   RO          780    .text               c_w.l(setvbuf.o)
    0x080033d2   0x080033d2   0x00000002   PAD
    0x080033d4   0x080033d4   0x000000ec   Code   RO          783    .text               c_w.l(fopen.o)
    0x080034c0   0x080034c0   0x0000004c   Code   RO          785    .text               c_w.l(fclose.o)
    0x0800350c   0x0800350c   0x00000012   Code   RO          791    .text               c_w.l(exit.o)
    0x0800351e   0x0800351e   0x0000000e   Code   RO          793    .text               c_w.l(defsig_rtred_outer.o)
    0x0800352c   0x0800352c   0x00000008   Code   RO          866    .text               c_w.l(libspace.o)
    0x08003534   0x08003534   0x00000002   Code   RO          869    .text               c_w.l(use_no_semi.o)
    0x08003536   0x08003536   0x00000000   Code   RO          871    .text               c_w.l(indicate_semi.o)
    0x08003536   0x08003536   0x00000002   PAD
    0x08003538   0x08003538   0x00000008   Code   RO          879    .text               c_w.l(rt_heap_descriptor_intlibspace.o)
    0x08003540   0x08003540   0x00000004   Code   RO          881    .text               c_w.l(hguard.o)
    0x08003544   0x08003544   0x0000008a   Code   RO          883    .text               c_w.l(init_alloc.o)
    0x080035ce   0x080035ce   0x0000005e   Code   RO          889    .text               c_w.l(h1_alloc.o)
    0x0800362c   0x0800362c   0x000000f8   Code   RO          905    .text               c_w.l(fseek.o)
    0x08003724   0x08003724   0x000000f0   Code   RO          907    .text               c_w.l(stdio.o)
    0x08003814   0x08003814   0x0000000a   Code   RO          913    .text               c_w.l(defsig_exit.o)
    0x0800381e   0x0800381e   0x00000002   PAD
    0x08003820   0x08003820   0x00000034   Code   RO          915    .text               c_w.l(defsig_rtred_inner.o)
    0x08003854   0x08003854   0x0000000c   Code   RO          923    .text               c_w.l(sys_exit.o)
    0x08003860   0x08003860   0x0000000e   Code   RO          934    .text               c_w.l(h1_init.o)
    0x0800386e   0x0800386e   0x00000034   Code   RO          936    .text               c_w.l(h1_extend.o)
    0x080038a2   0x080038a2   0x00000042   Code   RO          946    .text               c_w.l(ftell.o)
    0x080038e4   0x080038e4   0x00000032   Code   RO          954    .text               c_w.l(defsig_general.o)
    0x08003916   0x08003916   0x0000000e   Code   RO          956    .text               c_w.l(defsig_rtmem_outer.o)
    0x08003924   0x08003924   0x0000000e   Code   RO          969    .text               c_w.l(sys_wrch.o)
    0x08003932   0x08003932   0x00000002   PAD
    0x08003934   0x08003934   0x00000008   Code   RO          976    .text               c_w.l(rt_errno_addr_intlibspace.o)
    0x0800393c   0x0800393c   0x00000050   Code   RO          982    .text               c_w.l(defsig_rtmem_inner.o)
    0x0800398c   0x0800398c   0x0000000e   Code   RO          630    i._is_digit         c_w.l(__printf_wp.o)
    0x0800399a   0x0800399a   0x0000001a   Code   RO          702    i.fputc             c_w.l(fputc.o)
    0x080039b4   0x080039b4   0x00000028   Data   RO          603    .constdata          c_w.l(_printf_hex_int.o)
    0x080039dc   0x080039dc   0x00000011   Data   RO          633    .constdata          c_w.l(__printf_flags_wp.o)
    0x080039ed   0x080039ed   0x00000004   Data   RO          714    .constdata          c_w.l(sys_io.o)
    0x080039f1   0x080039f1   0x00000004   Data   RO          715    .constdata          c_w.l(sys_io.o)
    0x080039f5   0x080039f5   0x00000004   Data   RO          716    .constdata          c_w.l(sys_io.o)
    0x080039f9   0x080039f9   0x00000003   PAD
    0x080039fc   0x080039fc   0x00000034   Data   RO          297    .conststring        sim868.o
    0x08003a30   0x08003a30   0x00000020   Data   RO         1007    Region$$Table       anon$$obj.o


    Execution Region RW_IRAM1 (Exec base: 0x20000000, Load base: 0x08003a50, Size: 0x00000d08, Max: 0x0000c000, ABSOLUTE, COMPRESSED[0x00000054])

    Exec Addr    Load Addr    Size         Type   Attr      Idx    E Section Name        Object

    0x20000000   COMPRESSED   0x00000014   Data   RW          198    .data               system_stm32f10x.o
    0x20000014   COMPRESSED   0x00000004   Data   RW          228    .data               delay.o
    0x20000018   COMPRESSED   0x00000420   Data   RW          279    .data               usart3.o
    0x20000438   COMPRESSED   0x00000004   Data   RW          298    .data               sim868.o
    0x2000043c   COMPRESSED   0x00000014   Data   RW          356    .data               stm32f10x_rcc.o
    0x20000450   COMPRESSED   0x00000060   Data   RW          395    .data               mqtt_test.o
    0x200004b0   COMPRESSED   0x00000004   Data   RW          489    .data               mqttpacket.o
    0x200004b4   COMPRESSED   0x00000004   Data   RW          677    .data               c_w.l(stdio_streams.o)
    0x200004b8   COMPRESSED   0x00000004   Data   RW          678    .data               c_w.l(stdio_streams.o)
    0x200004bc   COMPRESSED   0x00000004   Data   RW          679    .data               c_w.l(stdio_streams.o)
    0x200004c0        -       0x00000014   Zero   RW          278    .bss                usart3.o
    0x200004d4        -       0x000000d4   Zero   RW          394    .bss                mqtt_test.o
    0x200005a8        -       0x00000054   Zero   RW          674    .bss                c_w.l(stdio_streams.o)
    0x200005fc        -       0x00000054   Zero   RW          675    .bss                c_w.l(stdio_streams.o)
    0x20000650        -       0x00000054   Zero   RW          676    .bss                c_w.l(stdio_streams.o)
    0x200006a4        -       0x00000060   Zero   RW          867    .bss                c_w.l(libspace.o)
    0x20000704   COMPRESSED   0x00000004   PAD
    0x20000708        -       0x00000200   Zero   RW          337    HEAP                startup_stm32f10x_hd.o
    0x20000908        -       0x00000400   Zero   RW          336    STACK               startup_stm32f10x_hd.o


==============================================================================

Image component sizes


      Code (inc. data)   RO Data    RW Data    ZI Data      Debug   Object Name

       216         18          0          4          0        979   delay.o
        80          8          0          0          0        451   led.o
       132         34          0          0          0     232956   main.o
       220         22          0          0          0       1709   misc.o
      1344        436          0         96        212       7735   mqtt_test.o
       728         16          0          0          0       5526   mqttconnectclient.o
       276          0          0          0          0       2010   mqttdeserializepublish.o
      1036          6          0          4          0       6194   mqttpacket.o
       426          0          0          0          0       3091   mqttserializepublish.o
       374          0          0          0          0       2363   mqttsubscribeclient.o
       460        178         52          4          0       1586   sim868.o
        64         26        304          0       1536        756   startup_stm32f10x_hd.o
       860         38          0          0          0       5641   stm32f10x_gpio.o
        26          0          0          0          0       1134   stm32f10x_it.o
       932         36          0         20          0       8776   stm32f10x_rcc.o
      1032         22          0          0          0       8368   stm32f10x_usart.o
         0          0          0          0          0         32   sys.o
       480         38          0         20          0       1599   system_stm32f10x.o
        84          4          0          0          0       1606   transport.o
       216         10          0          0          0       1401   usart.o
       968         54          0       1056         20       5221   usart3.o

    ----------------------------------------------------------------------
      9956        946        388       1204       1768     299134   Object Totals
         0          0         32          0          0          0   (incl. Generated)
         2          0          0          0          0          0   (incl. Padding)

    ----------------------------------------------------------------------

      Code (inc. data)   RO Data    RW Data    ZI Data      Debug   Library Member Name

        24          4          0          0          0         84   __2printf.o
        44          6          0          0          0         84   __2sprintf.o
        90          0          0          0          0          0   __dczerorl2.o
         8          0          0          0          0         68   __main.o
       312          4         17          0          0         92   __printf_flags_wp.o
        14          0          0          0          0         68   __printf_wp.o
         0          0          0          0          0          0   __rtentry.o
        12          0          0          0          0          0   __rtentry2.o
         6          0          0          0          0          0   __rtentry4.o
        52          8          0          0          0          0   __scatter.o
        28          0          0          0          0          0   __scatter_zi.o
        44          0          0          0          0        108   _printf_char.o
        48          6          0          0          0         96   _printf_char_common.o
        36          4          0          0          0         80   _printf_char_file.o
         6          0          0          0          0          0   _printf_d.o
       120         16          0          0          0         92   _printf_dec.o
        88          4         40          0          0         88   _printf_hex_int.o
       178          0          0          0          0         88   _printf_intcommon.o
        78          0          0          0          0        108   _printf_pad.o
         0          0          0          0          0          0   _printf_percent.o
         4          0          0          0          0          0   _printf_percent_end.o
         6          0          0          0          0          0   _printf_s.o
        82          0          0          0          0         80   _printf_str.o
         6          0          0          0          0          0   _printf_x.o
        10          0          0          0          0         68   _sputc.o
        10          0          0          0          0         68   defsig_exit.o
        50          0          0          0          0         88   defsig_general.o
        80         58          0          0          0         76   defsig_rtmem_inner.o
        14          0          0          0          0         80   defsig_rtmem_outer.o
        52         38          0          0          0         76   defsig_rtred_inner.o
        14          0          0          0          0         80   defsig_rtred_outer.o
        18          0          0          0          0         80   exit.o
        76          0          0          0          0         88   fclose.o
         8          0          0          0          0         68   ferror.o
       470          0          0          0          0         88   flsbuf.o
       236          4          0          0          0        128   fopen.o
        26          0          0          0          0         68   fputc.o
       248          6          0          0          0         84   fseek.o
        66          0          0          0          0         76   ftell.o
        94          0          0          0          0         80   h1_alloc.o
        52          0          0          0          0         68   h1_extend.o
        78          0          0          0          0         80   h1_free.o
        14          0          0          0          0         84   h1_init.o
         6          0          0          0          0        152   heapauxi.o
         4          0          0          0          0        136   hguard.o
         0          0          0          0          0          0   indicate_semi.o
       138          0          0          0          0        168   init_alloc.o
       312         46          0          0          0        112   initio.o
         2          0          0          0          0          0   libinit.o
        14          0          0          0          0          0   libinit2.o
         2          0          0          0          0          0   libshutdown.o
         6          0          0          0          0          0   libshutdown2.o
         8          4          0          0         96         68   libspace.o
         0          0          0          0          0          0   maybetermalloc1.o
         8          4          0          0          0         68   rt_errno_addr_intlibspace.o
         8          4          0          0          0         68   rt_heap_descriptor_intlibspace.o
        78          0          0          0          0         80   rt_memclr_w.o
       138          0          0          0          0         68   rt_memcpy_v6.o
       100          0          0          0          0         80   rt_memcpy_w.o
         2          0          0          0          0          0   rtexit.o
        10          0          0          0          0          0   rtexit2.o
        70          0          0          0          0         80   setvbuf.o
       240          6          0          0          0        156   stdio.o
         0          0          0         12        252          0   stdio_streams.o
        62          0          0          0          0         76   strlen.o
       150          0          0          0          0         80   strncmp.o
        36          0          0          0          0         80   strstr.o
        12          4          0          0          0         68   sys_exit.o
       102          0         12          0          0        240   sys_io.o
        74          0          0          0          0         80   sys_stackheap_outer.o
        14          0          0          0          0         76   sys_wrch.o
         2          0          0          0          0         68   use_no_semi.o

    ----------------------------------------------------------------------
      4512        226         72         12        352       4668   Library Totals
        12          0          3          0          4          0   (incl. Padding)

    ----------------------------------------------------------------------

      Code (inc. data)   RO Data    RW Data    ZI Data      Debug   Library Name

      4500        226         69         12        348       4668   c_w.l

    ----------------------------------------------------------------------
      4512        226         72         12        352       4668   Library Totals

    ----------------------------------------------------------------------

==============================================================================


      Code (inc. data)   RO Data    RW Data    ZI Data      Debug   

     14468       1172        460       1216       2120     299690   Grand Totals
     14468       1172        460         84       2120     299690   ELF Image Totals (compressed)
     14468       1172        460         84          0          0   ROM Totals

==============================================================================

    Total RO  Size (Code + RO Data)                14928 (  14.58kB)
    Total RW  Size (RW Data + ZI Data)              3336 (   3.26kB)
    Total ROM Size (Code + RO Data + RW Data)      15012 (  14.66kB)

==============================================================================

